dns github.com: refused (gaierror)
dns crates.io: refused (gaierror)
dns static.crates.io: refused (gaierror)
assert-no-network: route-table: no route (0 non-loopback routes, 0 non-loopback interfaces)
assert-no-network: dns github.com: refused
assert-no-network: dns crates.io: refused
assert-no-network: dns static.crates.io: refused
assert-no-network: tcp 1.1.1.1:443: refused
assert-no-network: tcp 8.8.8.8:53: refused
assert-no-network: OK -- no route, no DNS, no raw TCP. This environment is isolated.
assert-build-dependencies: OK -- 18/18 executable build dependencies are present.
assert-build-dependencies: OK -- 4/4 native libraries and development headers are present.
assert-build-dependencies: OK -- 87/87 absolute guest paths are executable files.
     Removed 40 files, 9.9MiB total
Pin read from checkout HEAD 932f7130ea3c77dcdb2547b6834f46f08bf593f0.
Scope: 21 tracked Cargo metadata file(s) PLUS tracked submodule gitlinks; 5 git dependency/ies pinned. Untracked, generated and vendored copies are EXCLUDED by design.
  OK    https://github.com/facebookexperimental/rust-shed  4 entries @ 84a82026bc1d
  FLOAT https://github.com/facebookexperimental/rust-shed  tracked by branch=main -- KNOWN EXCEPTION: branch=main since before 2026-08-24; the manifests are autocargo-generated from Meta's internal Buck targets, so pinning it is an owner decision rather than a hand edit. Only the lockfile records what was built (84a82026 at time of writing). Filed separately.
  OK    https://github.com/rr-debugger/rr  1 entry @ 39e5c18e7e43
  OK    https://github.com/rrnewton/agent-utils  1 entry @ 2781b1054efc
  OK    https://github.com/rrnewton/liteinst2  2 entries @ 95ee5e6917fa
  OK    https://github.com/rrnewton/reverie  46 entries @ d87a03a31242
check-git-pin-uniformity.rs: OK -- every REVISION-PINNED git dependency is pinned at exactly one revision
  ⚠️ 1 dependency/ies are NOT PINNED AT ALL and were excluded from that statement, by approved exception: https://github.com/facebookexperimental/rust-shed
  A BRANCH IS NOT A PIN -- it moves under you. Uniformity cannot be asserted over a dependency that names one.
run-with-reverie-dbt-budget.sh: reverie-dbt-budget={pin:d87a03a312421d34dee81dae71aa395b40231e63,source:inherited-launch-cargo-build-jobs,raw-build-jobs:32,effective-cpus-source:child-nproc,effective-cpus:32,reverie-max-jobs:16,effective-native-jobs:16,effective-job-seconds:1050,max-elapsed-seconds:66,basis:github-portable-cold-miss-n3-affinity4,carried-to-pin-on-dynamorio-recipe-key:c9c1ee55257cbb0635b56f494a75ee1dc6af839ca8e289231f533b0208340463}
   Compiling hermit-resources v0.2.0 (/src/hermit-resources)
   Compiling reverie-memory v0.2.0 (https://github.com/rrnewton/reverie.git?rev=d87a03a312421d34dee81dae71aa395b40231e63#d87a03a3)
   Compiling reverie-dbt v0.2.0 (https://github.com/rrnewton/reverie.git?rev=d87a03a312421d34dee81dae71aa395b40231e63#d87a03a3)
   Compiling reverie-process v0.2.0 (https://github.com/rrnewton/reverie.git?rev=d87a03a312421d34dee81dae71aa395b40231e63#d87a03a3)
   Compiling reverie-syscalls v0.2.0 (https://github.com/rrnewton/reverie.git?rev=d87a03a312421d34dee81dae71aa395b40231e63#d87a03a3)
   Compiling reverie-core v0.2.0 (https://github.com/rrnewton/reverie.git?rev=d87a03a312421d34dee81dae71aa395b40231e63#d87a03a3)
   Compiling detcore-model v0.2.0 (/src/detcore-model)
   Compiling reverie-rpc-transport v0.2.0 (https://github.com/rrnewton/reverie.git?rev=d87a03a312421d34dee81dae71aa395b40231e63#d87a03a3)
   Compiling hermit-detcore v0.2.0 (/src/detcore)
   Compiling detcore-dbt v0.2.0 (/src/detcore-dbt)
    Finished `release` profile [optimized] target(s) in 29.58s
Pin read from checkout HEAD 932f7130ea3c77dcdb2547b6834f46f08bf593f0.
Scope: 21 tracked Cargo metadata file(s) PLUS tracked submodule gitlinks; 5 git dependency/ies pinned. Untracked, generated and vendored copies are EXCLUDED by design.
  OK    https://github.com/facebookexperimental/rust-shed  4 entries @ 84a82026bc1d
  FLOAT https://github.com/facebookexperimental/rust-shed  tracked by branch=main -- KNOWN EXCEPTION: branch=main since before 2026-08-24; the manifests are autocargo-generated from Meta's internal Buck targets, so pinning it is an owner decision rather than a hand edit. Only the lockfile records what was built (84a82026 at time of writing). Filed separately.
  OK    https://github.com/rr-debugger/rr  1 entry @ 39e5c18e7e43
  OK    https://github.com/rrnewton/agent-utils  1 entry @ 2781b1054efc
  OK    https://github.com/rrnewton/liteinst2  2 entries @ 95ee5e6917fa
  OK    https://github.com/rrnewton/reverie  46 entries @ d87a03a31242
check-git-pin-uniformity.rs: OK -- every REVISION-PINNED git dependency is pinned at exactly one revision
  ⚠️ 1 dependency/ies are NOT PINNED AT ALL and were excluded from that statement, by approved exception: https://github.com/facebookexperimental/rust-shed
  A BRANCH IS NOT A PIN -- it moves under you. Uniformity cannot be asserted over a dependency that names one.
run-with-reverie-dbt-budget.sh: reverie-dbt-budget={pin:d87a03a312421d34dee81dae71aa395b40231e63,source:inherited-launch-cargo-build-jobs,raw-build-jobs:32,effective-cpus-source:child-nproc,effective-cpus:32,reverie-max-jobs:16,effective-native-jobs:16,effective-job-seconds:1050,max-elapsed-seconds:66,basis:github-portable-cold-miss-n3-affinity4,carried-to-pin-on-dynamorio-recipe-key:c9c1ee55257cbb0635b56f494a75ee1dc6af839ca8e289231f533b0208340463}
   Compiling reverie-memory v0.2.0 (https://github.com/rrnewton/reverie.git?rev=d87a03a312421d34dee81dae71aa395b40231e63#d87a03a3)
   Compiling reverie-process v0.2.0 (https://github.com/rrnewton/reverie.git?rev=d87a03a312421d34dee81dae71aa395b40231e63#d87a03a3)
   Compiling hermit v0.2.0 (/src/hermit-cli)
   Compiling reverie-dbt v0.2.0 (https://github.com/rrnewton/reverie.git?rev=d87a03a312421d34dee81dae71aa395b40231e63#d87a03a3)
   Compiling hermit-test-workdir v0.2.0 (/src/common/test-workdir)
   Compiling reverie-sabre v0.2.0 (https://github.com/rrnewton/reverie.git?rev=d87a03a312421d34dee81dae71aa395b40231e63#d87a03a3)
   Compiling nostd-print v0.2.0 (https://github.com/rrnewton/reverie.git?rev=d87a03a312421d34dee81dae71aa395b40231e63#d87a03a3)
   Compiling reverie-rpc-macros v0.2.0 (https://github.com/rrnewton/reverie.git?rev=d87a03a312421d34dee81dae71aa395b40231e63#d87a03a3)
   Compiling reverie-sabre-macros v0.2.0 (https://github.com/rrnewton/reverie.git?rev=d87a03a312421d34dee81dae71aa395b40231e63#d87a03a3)
   Compiling reverie-syscalls v0.2.0 (https://github.com/rrnewton/reverie.git?rev=d87a03a312421d34dee81dae71aa395b40231e63#d87a03a3)
   Compiling reverie-rpc v0.2.0 (https://github.com/rrnewton/reverie.git?rev=d87a03a312421d34dee81dae71aa395b40231e63#d87a03a3)
   Compiling safeptrace v0.2.0 (https://github.com/rrnewton/reverie.git?rev=d87a03a312421d34dee81dae71aa395b40231e63#d87a03a3)
   Compiling reverie-core v0.2.0 (https://github.com/rrnewton/reverie.git?rev=d87a03a312421d34dee81dae71aa395b40231e63#d87a03a3)
   Compiling detcore-model v0.2.0 (/src/detcore-model)
   Compiling reverie-rpc-transport v0.2.0 (https://github.com/rrnewton/reverie.git?rev=d87a03a312421d34dee81dae71aa395b40231e63#d87a03a3)
   Compiling reverie-ptrace v0.2.0 (https://github.com/rrnewton/reverie.git?rev=d87a03a312421d34dee81dae71aa395b40231e63#d87a03a3)
   Compiling reverie-kvm v0.2.0 (https://github.com/rrnewton/reverie.git?rev=d87a03a312421d34dee81dae71aa395b40231e63#d87a03a3)
   Compiling reverie-sabre-stats v0.2.0 (https://github.com/rrnewton/reverie.git?rev=d87a03a312421d34dee81dae71aa395b40231e63#d87a03a3)
   Compiling reverie-preload v0.2.0 (https://github.com/rrnewton/reverie.git?rev=d87a03a312421d34dee81dae71aa395b40231e63#d87a03a3)
   Compiling hermit-detcore v0.2.0 (/src/detcore)
   Compiling hermit-install v0.2.0 (/src/hermit-install)
   Compiling reverie-liteinst v0.2.0 (https://github.com/rrnewton/reverie.git?rev=d87a03a312421d34dee81dae71aa395b40231e63#d87a03a3)
   Compiling detcore-dbt v0.2.0 (/src/detcore-dbt)
   Compiling detcore-sabre v0.2.0 (/src/detcore-sabre)
    Finished `release` profile [optimized] target(s) in 1m 33s
5554edb0681235b53e1d065b6746fb9e0c3e20d3d63a2a33af58b2b76e114b64  target/install_pkg/rsrcs/sabre
41113f849f8799932ed8c7883f5a4de616b9e9fa
