warning: profiles for the non root package will be ignored, specify profiles at the workspace root:
package:   /home/newton/work/dev-hermit/worktrees/slots/dev-hermit-gdb-vfile-pin-20260916/ignored/gdb-vfile-pin-20260916/official-cli-1/runtime-tmp/hermit-rust-script-packages.7WgGeFwa/5f829a04c0a8df85/Cargo.toml
workspace: /home/newton/work/dev-hermit/worktrees/slots/dev-hermit-gdb-vfile-pin-20260916/ignored/gdb-vfile-pin-20260916/official-cli-1/runtime-tmp/hermit-rust-script-packages.7WgGeFwa/Cargo.toml
warning: profiles for the non root package will be ignored, specify profiles at the workspace root:
package:   /home/newton/work/dev-hermit/worktrees/slots/dev-hermit-gdb-vfile-pin-20260916/ignored/gdb-vfile-pin-20260916/official-cli-1/runtime-tmp/hermit-rust-script-packages.7WgGeFwa/ea43a74c69f612af/Cargo.toml
workspace: /home/newton/work/dev-hermit/worktrees/slots/dev-hermit-gdb-vfile-pin-20260916/ignored/gdb-vfile-pin-20260916/official-cli-1/runtime-tmp/hermit-rust-script-packages.7WgGeFwa/Cargo.toml
warning: profiles for the non root package will be ignored, specify profiles at the workspace root:
package:   /home/newton/work/dev-hermit/worktrees/slots/dev-hermit-gdb-vfile-pin-20260916/ignored/gdb-vfile-pin-20260916/official-cli-1/runtime-tmp/hermit-rust-script-packages.7WgGeFwa/914eb5845ec9abe9/Cargo.toml
workspace: /home/newton/work/dev-hermit/worktrees/slots/dev-hermit-gdb-vfile-pin-20260916/ignored/gdb-vfile-pin-20260916/official-cli-1/runtime-tmp/hermit-rust-script-packages.7WgGeFwa/Cargo.toml
warning: profiles for the non root package will be ignored, specify profiles at the workspace root:
package:   /home/newton/work/dev-hermit/worktrees/slots/dev-hermit-gdb-vfile-pin-20260916/ignored/gdb-vfile-pin-20260916/official-cli-1/runtime-tmp/hermit-rust-script-packages.7WgGeFwa/59ea0555bb7bb866/Cargo.toml
workspace: /home/newton/work/dev-hermit/worktrees/slots/dev-hermit-gdb-vfile-pin-20260916/ignored/gdb-vfile-pin-20260916/official-cli-1/runtime-tmp/hermit-rust-script-packages.7WgGeFwa/Cargo.toml
warning: profiles for the non root package will be ignored, specify profiles at the workspace root:
package:   /home/newton/work/dev-hermit/worktrees/slots/dev-hermit-gdb-vfile-pin-20260916/ignored/gdb-vfile-pin-20260916/official-cli-1/runtime-tmp/hermit-rust-script-packages.7WgGeFwa/2162d8a3b81d996d/Cargo.toml
workspace: /home/newton/work/dev-hermit/worktrees/slots/dev-hermit-gdb-vfile-pin-20260916/ignored/gdb-vfile-pin-20260916/official-cli-1/runtime-tmp/hermit-rust-script-packages.7WgGeFwa/Cargo.toml
warning: profiles for the non root package will be ignored, specify profiles at the workspace root:
package:   /home/newton/work/dev-hermit/worktrees/slots/dev-hermit-gdb-vfile-pin-20260916/ignored/gdb-vfile-pin-20260916/official-cli-1/runtime-tmp/hermit-rust-script-packages.7WgGeFwa/74f4de48268e496d/Cargo.toml
workspace: /home/newton/work/dev-hermit/worktrees/slots/dev-hermit-gdb-vfile-pin-20260916/ignored/gdb-vfile-pin-20260916/official-cli-1/runtime-tmp/hermit-rust-script-packages.7WgGeFwa/Cargo.toml
warning: profiles for the non root package will be ignored, specify profiles at the workspace root:
package:   /home/newton/work/dev-hermit/worktrees/slots/dev-hermit-gdb-vfile-pin-20260916/ignored/gdb-vfile-pin-20260916/official-cli-1/runtime-tmp/hermit-rust-script-packages.7WgGeFwa/cfee71cd74153651/Cargo.toml
workspace: /home/newton/work/dev-hermit/worktrees/slots/dev-hermit-gdb-vfile-pin-20260916/ignored/gdb-vfile-pin-20260916/official-cli-1/runtime-tmp/hermit-rust-script-packages.7WgGeFwa/Cargo.toml
warning: profiles for the non root package will be ignored, specify profiles at the workspace root:
package:   /home/newton/work/dev-hermit/worktrees/slots/dev-hermit-gdb-vfile-pin-20260916/ignored/gdb-vfile-pin-20260916/official-cli-1/runtime-tmp/hermit-rust-script-packages.7WgGeFwa/dbfbd1f3870f1cf4/Cargo.toml
workspace: /home/newton/work/dev-hermit/worktrees/slots/dev-hermit-gdb-vfile-pin-20260916/ignored/gdb-vfile-pin-20260916/official-cli-1/runtime-tmp/hermit-rust-script-packages.7WgGeFwa/Cargo.toml
warning: profiles for the non root package will be ignored, specify profiles at the workspace root:
package:   /home/newton/work/dev-hermit/worktrees/slots/dev-hermit-gdb-vfile-pin-20260916/ignored/gdb-vfile-pin-20260916/official-cli-1/runtime-tmp/hermit-rust-script-packages.7WgGeFwa/344d4004465230b9/Cargo.toml
workspace: /home/newton/work/dev-hermit/worktrees/slots/dev-hermit-gdb-vfile-pin-20260916/ignored/gdb-vfile-pin-20260916/official-cli-1/runtime-tmp/hermit-rust-script-packages.7WgGeFwa/Cargo.toml
warning: profiles for the non root package will be ignored, specify profiles at the workspace root:
package:   /home/newton/work/dev-hermit/worktrees/slots/dev-hermit-gdb-vfile-pin-20260916/ignored/gdb-vfile-pin-20260916/official-cli-1/runtime-tmp/hermit-rust-script-packages.7WgGeFwa/cd189eff27bcb3f6/Cargo.toml
workspace: /home/newton/work/dev-hermit/worktrees/slots/dev-hermit-gdb-vfile-pin-20260916/ignored/gdb-vfile-pin-20260916/official-cli-1/runtime-tmp/hermit-rust-script-packages.7WgGeFwa/Cargo.toml
warning: profiles for the non root package will be ignored, specify profiles at the workspace root:
package:   /home/newton/work/dev-hermit/worktrees/slots/dev-hermit-gdb-vfile-pin-20260916/ignored/gdb-vfile-pin-20260916/official-cli-1/runtime-tmp/hermit-rust-script-packages.7WgGeFwa/91a6f85b46f9a093/Cargo.toml
workspace: /home/newton/work/dev-hermit/worktrees/slots/dev-hermit-gdb-vfile-pin-20260916/ignored/gdb-vfile-pin-20260916/official-cli-1/runtime-tmp/hermit-rust-script-packages.7WgGeFwa/Cargo.toml
warning: profiles for the non root package will be ignored, specify profiles at the workspace root:
package:   /home/newton/work/dev-hermit/worktrees/slots/dev-hermit-gdb-vfile-pin-20260916/ignored/gdb-vfile-pin-20260916/official-cli-1/runtime-tmp/hermit-rust-script-packages.7WgGeFwa/a1bd4437bae839b6/Cargo.toml
workspace: /home/newton/work/dev-hermit/worktrees/slots/dev-hermit-gdb-vfile-pin-20260916/ignored/gdb-vfile-pin-20260916/official-cli-1/runtime-tmp/hermit-rust-script-packages.7WgGeFwa/Cargo.toml
warning: profiles for the non root package will be ignored, specify profiles at the workspace root:
package:   /home/newton/work/dev-hermit/worktrees/slots/dev-hermit-gdb-vfile-pin-20260916/ignored/gdb-vfile-pin-20260916/official-cli-1/runtime-tmp/hermit-rust-script-packages.7WgGeFwa/6b330abf7c0ddfd4/Cargo.toml
workspace: /home/newton/work/dev-hermit/worktrees/slots/dev-hermit-gdb-vfile-pin-20260916/ignored/gdb-vfile-pin-20260916/official-cli-1/runtime-tmp/hermit-rust-script-packages.7WgGeFwa/Cargo.toml
warning: profiles for the non root package will be ignored, specify profiles at the workspace root:
package:   /home/newton/work/dev-hermit/worktrees/slots/dev-hermit-gdb-vfile-pin-20260916/ignored/gdb-vfile-pin-20260916/official-cli-1/runtime-tmp/hermit-rust-script-packages.7WgGeFwa/55ba5f117f6432d6/Cargo.toml
workspace: /home/newton/work/dev-hermit/worktrees/slots/dev-hermit-gdb-vfile-pin-20260916/ignored/gdb-vfile-pin-20260916/official-cli-1/runtime-tmp/hermit-rust-script-packages.7WgGeFwa/Cargo.toml
warning: profiles for the non root package will be ignored, specify profiles at the workspace root:
package:   /home/newton/work/dev-hermit/worktrees/slots/dev-hermit-gdb-vfile-pin-20260916/ignored/gdb-vfile-pin-20260916/official-cli-1/runtime-tmp/hermit-rust-script-packages.7WgGeFwa/40aa044d7d34c808/Cargo.toml
workspace: /home/newton/work/dev-hermit/worktrees/slots/dev-hermit-gdb-vfile-pin-20260916/ignored/gdb-vfile-pin-20260916/official-cli-1/runtime-tmp/hermit-rust-script-packages.7WgGeFwa/Cargo.toml
warning: profiles for the non root package will be ignored, specify profiles at the workspace root:
package:   /home/newton/work/dev-hermit/worktrees/slots/dev-hermit-gdb-vfile-pin-20260916/ignored/gdb-vfile-pin-20260916/official-cli-1/runtime-tmp/hermit-rust-script-packages.7WgGeFwa/f8017f227c95ed9a/Cargo.toml
workspace: /home/newton/work/dev-hermit/worktrees/slots/dev-hermit-gdb-vfile-pin-20260916/ignored/gdb-vfile-pin-20260916/official-cli-1/runtime-tmp/hermit-rust-script-packages.7WgGeFwa/Cargo.toml
warning: profiles for the non root package will be ignored, specify profiles at the workspace root:
package:   /home/newton/work/dev-hermit/worktrees/slots/dev-hermit-gdb-vfile-pin-20260916/ignored/gdb-vfile-pin-20260916/official-cli-1/runtime-tmp/hermit-rust-script-packages.7WgGeFwa/93265ab9957e4aba/Cargo.toml
workspace: /home/newton/work/dev-hermit/worktrees/slots/dev-hermit-gdb-vfile-pin-20260916/ignored/gdb-vfile-pin-20260916/official-cli-1/runtime-tmp/hermit-rust-script-packages.7WgGeFwa/Cargo.toml
warning: profiles for the non root package will be ignored, specify profiles at the workspace root:
package:   /home/newton/work/dev-hermit/worktrees/slots/dev-hermit-gdb-vfile-pin-20260916/ignored/gdb-vfile-pin-20260916/official-cli-1/runtime-tmp/hermit-rust-script-packages.7WgGeFwa/2952a53430d12a42/Cargo.toml
workspace: /home/newton/work/dev-hermit/worktrees/slots/dev-hermit-gdb-vfile-pin-20260916/ignored/gdb-vfile-pin-20260916/official-cli-1/runtime-tmp/hermit-rust-script-packages.7WgGeFwa/Cargo.toml
warning: profiles for the non root package will be ignored, specify profiles at the workspace root:
package:   /home/newton/work/dev-hermit/worktrees/slots/dev-hermit-gdb-vfile-pin-20260916/ignored/gdb-vfile-pin-20260916/official-cli-1/runtime-tmp/hermit-rust-script-packages.7WgGeFwa/cae18980d4930ac8/Cargo.toml
workspace: /home/newton/work/dev-hermit/worktrees/slots/dev-hermit-gdb-vfile-pin-20260916/ignored/gdb-vfile-pin-20260916/official-cli-1/runtime-tmp/hermit-rust-script-packages.7WgGeFwa/Cargo.toml
warning: profiles for the non root package will be ignored, specify profiles at the workspace root:
package:   /home/newton/work/dev-hermit/worktrees/slots/dev-hermit-gdb-vfile-pin-20260916/ignored/gdb-vfile-pin-20260916/official-cli-1/runtime-tmp/hermit-rust-script-packages.7WgGeFwa/62ac2bfb61938d72/Cargo.toml
workspace: /home/newton/work/dev-hermit/worktrees/slots/dev-hermit-gdb-vfile-pin-20260916/ignored/gdb-vfile-pin-20260916/official-cli-1/runtime-tmp/hermit-rust-script-packages.7WgGeFwa/Cargo.toml
warning: profiles for the non root package will be ignored, specify profiles at the workspace root:
package:   /home/newton/work/dev-hermit/worktrees/slots/dev-hermit-gdb-vfile-pin-20260916/ignored/gdb-vfile-pin-20260916/official-cli-1/runtime-tmp/hermit-rust-script-packages.7WgGeFwa/76d1a06784c51374/Cargo.toml
workspace: /home/newton/work/dev-hermit/worktrees/slots/dev-hermit-gdb-vfile-pin-20260916/ignored/gdb-vfile-pin-20260916/official-cli-1/runtime-tmp/hermit-rust-script-packages.7WgGeFwa/Cargo.toml
warning: profiles for the non root package will be ignored, specify profiles at the workspace root:
package:   /home/newton/work/dev-hermit/worktrees/slots/dev-hermit-gdb-vfile-pin-20260916/ignored/gdb-vfile-pin-20260916/official-cli-1/runtime-tmp/hermit-rust-script-packages.7WgGeFwa/e306610591edf591/Cargo.toml
workspace: /home/newton/work/dev-hermit/worktrees/slots/dev-hermit-gdb-vfile-pin-20260916/ignored/gdb-vfile-pin-20260916/official-cli-1/runtime-tmp/hermit-rust-script-packages.7WgGeFwa/Cargo.toml
warning: profiles for the non root package will be ignored, specify profiles at the workspace root:
package:   /home/newton/work/dev-hermit/worktrees/slots/dev-hermit-gdb-vfile-pin-20260916/ignored/gdb-vfile-pin-20260916/official-cli-1/runtime-tmp/hermit-rust-script-packages.7WgGeFwa/d409f34a1c6de4ee/Cargo.toml
workspace: /home/newton/work/dev-hermit/worktrees/slots/dev-hermit-gdb-vfile-pin-20260916/ignored/gdb-vfile-pin-20260916/official-cli-1/runtime-tmp/hermit-rust-script-packages.7WgGeFwa/Cargo.toml
warning: profiles for the non root package will be ignored, specify profiles at the workspace root:
package:   /home/newton/work/dev-hermit/worktrees/slots/dev-hermit-gdb-vfile-pin-20260916/ignored/gdb-vfile-pin-20260916/official-cli-1/runtime-tmp/hermit-rust-script-packages.7WgGeFwa/fc33cf509da19b1c/Cargo.toml
workspace: /home/newton/work/dev-hermit/worktrees/slots/dev-hermit-gdb-vfile-pin-20260916/ignored/gdb-vfile-pin-20260916/official-cli-1/runtime-tmp/hermit-rust-script-packages.7WgGeFwa/Cargo.toml
warning: profiles for the non root package will be ignored, specify profiles at the workspace root:
package:   /home/newton/work/dev-hermit/worktrees/slots/dev-hermit-gdb-vfile-pin-20260916/ignored/gdb-vfile-pin-20260916/official-cli-1/runtime-tmp/hermit-rust-script-packages.7WgGeFwa/3872522b0d01e12d/Cargo.toml
workspace: /home/newton/work/dev-hermit/worktrees/slots/dev-hermit-gdb-vfile-pin-20260916/ignored/gdb-vfile-pin-20260916/official-cli-1/runtime-tmp/hermit-rust-script-packages.7WgGeFwa/Cargo.toml
warning: profiles for the non root package will be ignored, specify profiles at the workspace root:
package:   /home/newton/work/dev-hermit/worktrees/slots/dev-hermit-gdb-vfile-pin-20260916/ignored/gdb-vfile-pin-20260916/official-cli-1/runtime-tmp/hermit-rust-script-packages.7WgGeFwa/81da3f1d442cc879/Cargo.toml
workspace: /home/newton/work/dev-hermit/worktrees/slots/dev-hermit-gdb-vfile-pin-20260916/ignored/gdb-vfile-pin-20260916/official-cli-1/runtime-tmp/hermit-rust-script-packages.7WgGeFwa/Cargo.toml
warning: profiles for the non root package will be ignored, specify profiles at the workspace root:
package:   /home/newton/work/dev-hermit/worktrees/slots/dev-hermit-gdb-vfile-pin-20260916/ignored/gdb-vfile-pin-20260916/official-cli-1/runtime-tmp/hermit-rust-script-packages.7WgGeFwa/b7908774f65bce43/Cargo.toml
workspace: /home/newton/work/dev-hermit/worktrees/slots/dev-hermit-gdb-vfile-pin-20260916/ignored/gdb-vfile-pin-20260916/official-cli-1/runtime-tmp/hermit-rust-script-packages.7WgGeFwa/Cargo.toml
warning: profiles for the non root package will be ignored, specify profiles at the workspace root:
package:   /home/newton/work/dev-hermit/worktrees/slots/dev-hermit-gdb-vfile-pin-20260916/ignored/gdb-vfile-pin-20260916/official-cli-1/runtime-tmp/hermit-rust-script-packages.7WgGeFwa/6972560c9ef2290f/Cargo.toml
workspace: /home/newton/work/dev-hermit/worktrees/slots/dev-hermit-gdb-vfile-pin-20260916/ignored/gdb-vfile-pin-20260916/official-cli-1/runtime-tmp/hermit-rust-script-packages.7WgGeFwa/Cargo.toml
    Updating crates.io index
    Updating git repository `https://github.com/rrnewton/reverie.git`
     Locking 217 packages to highest compatible versions
      Adding generic-array v0.14.7 (available: v0.14.9)
      Adding sha2 v0.10.9 (available: v0.11.0)
      Adding syn v2.0.119 (available: v3.0.6)
      Adding toml v0.8.23 (available: v1.1.6+spec-1.1.0)
      Adding toml_edit v0.22.27 (available: v0.25.15+spec-1.1.0)
   Compiling proc-macro2 v1.0.107
   Compiling unicode-ident v1.0.25
   Compiling quote v1.0.47
   Compiling serde_core v1.0.229
   Compiling libc v0.2.189
   Compiling serde v1.0.229
    Checking memchr v2.8.3
    Checking cfg-if v1.0.5
    Checking itoa v1.0.18
   Compiling autocfg v1.5.1
    Checking hashbrown v0.17.1
    Checking equivalent v1.0.2
   Compiling zmij v1.0.23
   Compiling serde_json v1.0.151
   Compiling rustix v1.1.5
   Compiling libm v0.2.16
   Compiling num-traits v0.2.19
    Checking linux-raw-sys v0.12.1
   Compiling version_check v0.9.5
    Checking pin-project-lite v0.2.17
    Checking indexmap v2.14.2
   Compiling syn v3.0.6
   Compiling generic-array v0.14.7
   Compiling syn v2.0.119
   Compiling memoffset v0.9.1
    Checking ryu v1.0.23
   Compiling syscalls v0.6.18
   Compiling cfg_aliases v0.2.2
   Compiling nix v0.30.1
    Checking typenum v1.20.1
   Compiling unicode-segmentation v1.13.3
    Checking utf8parse v0.2.2
   Compiling paste v1.0.15
    Checking iana-time-zone v0.1.65
   Compiling convert_case v0.6.0
   Compiling virtue v0.0.18
    Checking errno v0.3.14
    Checking signal-hook-registry v1.4.8
   Compiling unicode-xid v0.2.6
    Checking anstyle-parse v1.0.0
    Checking unty v0.0.4
   Compiling anyhow v1.0.104
    Checking anstyle v1.0.14
   Compiling radium v0.7.0
    Checking unicode-width v0.2.2
    Checking anstyle-query v1.1.5
    Checking once_cell v1.21.4
    Checking is_terminal_polyfill v1.70.2
    Checking bitflags v2.13.2
    Checking colorchoice v1.0.5
   Compiling bincode_derive v2.0.1
    Checking anstream v1.0.0
    Checking block-buffer v0.10.4
    Checking crypto-common v0.1.7
    Checking tap v1.0.1
    Checking strsim v0.11.1
    Checking unicase v2.9.0
   Compiling crc32fast v1.5.2
   Compiling signal-hook v0.4.4
    Checking clap_lex v1.1.1
   Compiling heck v0.5.0
    Checking rand_core v0.10.1
    Checking wyz v0.5.1
    Checking digest v0.10.7
    Checking tracing-core v0.1.36
    Checking cpufeatures v0.2.17
    Checking funty v2.0.0
    Checking simd-adler32 v0.3.10
   Compiling getrandom v0.4.3
    Checking unsafe-libyaml-norway v0.2.15
    Checking adler2 v2.0.1
    Checking miniz_oxide v0.9.1
    Checking sha2 v0.10.9
    Checking futures-sink v0.3.34
    Checking unsafe-libyaml v0.2.11
   Compiling parking_lot_core v0.9.12
    Checking bytesize v2.7.0
    Checking smallvec v1.16.1
    Checking futures-core v0.3.34
    Checking shell-words v1.1.1
    Checking futures-channel v0.3.34
    Checking flate2 v1.1.10
    Checking futures v0.1.31
    Checking scopeguard v1.2.0
    Checking futures-io v0.3.34
    Checking slab v0.4.12
    Checking futures-task v0.3.34
    Checking lock_api v0.4.14
    Checking static_assertions v1.1.0
    Checking twox-hash v2.1.4
   Compiling thiserror v2.0.20
   Compiling object v0.39.1
   Compiling cpp_demangle v0.5.1
    Checking parking_lot v0.12.5
   Compiling serde_derive v1.0.229
   Compiling serde_repr v0.1.21
   Compiling clap_derive v4.6.7
   Compiling futures-macro v0.3.34
   Compiling tokio-macros v2.7.2
   Compiling thiserror-impl v2.0.20
    Checking futures-util v0.3.34
    Checking ruzstd v0.8.3
    Checking terminal_size v0.4.4
    Checking clap_builder v4.6.7
   Compiling derive_more-impl v1.0.0
   Compiling tracing-attributes v0.1.31
    Checking twox-hash v1.6.3
    Checking mio v1.2.3
    Checking socket2 v0.6.5
    Checking typed-arena v2.0.2
    Checking winnow v0.7.15
    Checking toml_write v0.1.2
    Checking hex v0.4.3
    Checking cpufeatures v0.3.1
   Compiling procfs v0.18.0
   Compiling object v0.36.7
    Checking foldhash v0.1.5
    Checking fastrand v2.5.0
    Checking bytes v1.12.1
    Checking lazy_static v1.5.0
    Checking tracing v0.1.44
    Checking colored v2.2.0
    Checking clap v4.6.7
    Checking tempfile v3.27.0
    Checking hashbrown v0.15.5
    Checking chacha20 v0.10.2
    Checking tokio v1.53.1
    Checking ruzstd v0.7.3
    Checking memmap2 v0.9.11
    Checking aho-corasick v1.1.5
    Checking chrono v0.4.45
    Checking bincode v2.0.1
    Checking reverie-memory v0.2.0 (https://github.com/rrnewton/reverie.git?rev=d87a03a312421d34dee81dae71aa395b40231e63#d87a03a3)
    Checking serde_norway v0.9.42
    Checking bitvec v1.1.1
    Checking serde_yaml v0.9.34+deprecated
    Checking futures-executor v0.3.34
    Checking toml_datetime v0.6.11
    Checking serde_spanned v0.6.9
    Checking procfs-core v0.18.0
    Checking toml_edit v0.22.27
    Checking dagrun v0.15.0 (/home/newton/work/dev-hermit/worktrees/slots/dev-hermit-gdb-vfile-pin-20260916/agent-utils/rs/dagrun)
    Checking derive_more v1.0.0
    Checking reverie-syscalls v0.2.0 (https://github.com/rrnewton/reverie.git?rev=d87a03a312421d34dee81dae71aa395b40231e63#d87a03a3)
    Checking futures v0.3.34
    Checking bitflags v1.3.2
    Checking rustc-demangle v0.1.28
    Checking gimli v0.33.0
    Checking fallible-iterator v0.3.0
    Checking regex-syntax v0.8.11
    Checking raw-cpuid v10.7.0
    Checking linked-hash-map v0.5.6
    Checking rand v0.10.2
    Checking reverie-process v0.2.0 (https://github.com/rrnewton/reverie.git?rev=d87a03a312421d34dee81dae71aa395b40231e63#d87a03a3)
   Compiling async-trait v0.1.92
    Checking addr2line v0.26.1
    Checking regex-automata v0.4.18
    Checking csv-core v0.1.13
    Checking yansi v1.0.1
    Checking diff v0.1.13
    Checking arrayvec v0.5.2
    Checking byteorder v1.5.0
    Checking never-say-never v6.6.666
    Checking pretty_assertions v1.4.1
    Checking pretty v0.12.5
    Checking csv v1.4.0
    Checking rand_distr v0.6.0
    Checking toml v0.8.23
    Checking rand_pcg v0.10.2
    Checking fs2 v0.4.3
    Checking update_spreadsheet_79cca440e9ac9d843e58eea2 v0.1.0 (/home/newton/work/dev-hermit/worktrees/slots/dev-hermit-gdb-vfile-pin-20260916/ignored/gdb-vfile-pin-20260916/official-cli-1/runtime-tmp/hermit-rust-script-packages.7WgGeFwa/81da3f1d442cc879)
    Checking manifest-to-commands_688e7ac55122198c85d6a45a v0.1.0 (/home/newton/work/dev-hermit/worktrees/slots/dev-hermit-gdb-vfile-pin-20260916/ignored/gdb-vfile-pin-20260916/official-cli-1/runtime-tmp/hermit-rust-script-packages.7WgGeFwa/fc33cf509da19b1c)
    Checking nextest-timeout-config_7cbcbbbf4f525c447fda0f44 v0.1.0 (/home/newton/work/dev-hermit/worktrees/slots/dev-hermit-gdb-vfile-pin-20260916/ignored/gdb-vfile-pin-20260916/official-cli-1/runtime-tmp/hermit-rust-script-packages.7WgGeFwa/2162d8a3b81d996d)
    Checking manifest-cli_3c931129bf3ddf5a56094fdc v0.1.0 (/home/newton/work/dev-hermit/worktrees/slots/dev-hermit-gdb-vfile-pin-20260916/ignored/gdb-vfile-pin-20260916/official-cli-1/runtime-tmp/hermit-rust-script-packages.7WgGeFwa/6972560c9ef2290f)
    Checking hermit-code-coverage_45f087d1094c4c522a58ab17 v0.1.0 (/home/newton/work/dev-hermit/worktrees/slots/dev-hermit-gdb-vfile-pin-20260916/ignored/gdb-vfile-pin-20260916/official-cli-1/runtime-tmp/hermit-rust-script-packages.7WgGeFwa/e306610591edf591)
    Checking select-tests_fd51724200e6267559757e84 v0.1.0 (/home/newton/work/dev-hermit/worktrees/slots/dev-hermit-gdb-vfile-pin-20260916/ignored/gdb-vfile-pin-20260916/official-cli-1/runtime-tmp/hermit-rust-script-packages.7WgGeFwa/cfee71cd74153651)
    Checking detcore-model v0.2.0 (/home/newton/work/dev-hermit/worktrees/slots/dev-hermit-gdb-vfile-pin-20260916/detcore-model)
    Checking power-to-weight_aeb0399a17a0f8106fccab9e v0.1.0 (/home/newton/work/dev-hermit/worktrees/slots/dev-hermit-gdb-vfile-pin-20260916/ignored/gdb-vfile-pin-20260916/official-cli-1/runtime-tmp/hermit-rust-script-packages.7WgGeFwa/74f4de48268e496d)
    Checking structured-test-results_b483cd2a9aec723cc083efcb v0.1.0 (/home/newton/work/dev-hermit/worktrees/slots/dev-hermit-gdb-vfile-pin-20260916/ignored/gdb-vfile-pin-20260916/official-cli-1/runtime-tmp/hermit-rust-script-packages.7WgGeFwa/dbfbd1f3870f1cf4)
    Checking nextest-test-results_5051903d76063ea36056888c v0.1.0 (/home/newton/work/dev-hermit/worktrees/slots/dev-hermit-gdb-vfile-pin-20260916/ignored/gdb-vfile-pin-20260916/official-cli-1/runtime-tmp/hermit-rust-script-packages.7WgGeFwa/59ea0555bb7bb866)
    Checking bisect-probe_d2b444528acfe8cfb4c74dfa v0.1.0 (/home/newton/work/dev-hermit/worktrees/slots/dev-hermit-gdb-vfile-pin-20260916/ignored/gdb-vfile-pin-20260916/official-cli-1/runtime-tmp/hermit-rust-script-packages.7WgGeFwa/344d4004465230b9)
    Checking runner_health_5d6b9a8686b608ce9f09da9d v0.1.0 (/home/newton/work/dev-hermit/worktrees/slots/dev-hermit-gdb-vfile-pin-20260916/ignored/gdb-vfile-pin-20260916/official-cli-1/runtime-tmp/hermit-rust-script-packages.7WgGeFwa/3872522b0d01e12d)
    Checking check-exit-status-class_67db1d8e71f9624a32b580db v0.1.0 (/home/newton/work/dev-hermit/worktrees/slots/dev-hermit-gdb-vfile-pin-20260916/ignored/gdb-vfile-pin-20260916/official-cli-1/runtime-tmp/hermit-rust-script-packages.7WgGeFwa/a1bd4437bae839b6)
    Checking check-record-version-floor_b07408d97b2d867ad66160a4 v0.1.0 (/home/newton/work/dev-hermit/worktrees/slots/dev-hermit-gdb-vfile-pin-20260916/ignored/gdb-vfile-pin-20260916/official-cli-1/runtime-tmp/hermit-rust-script-packages.7WgGeFwa/f8017f227c95ed9a)
    Checking docs-pages-contract_c958c81bd52ec825e3ed276b v0.1.0 (/home/newton/work/dev-hermit/worktrees/slots/dev-hermit-gdb-vfile-pin-20260916/ignored/gdb-vfile-pin-20260916/official-cli-1/runtime-tmp/hermit-rust-script-packages.7WgGeFwa/76d1a06784c51374)
    Checking check-dbt-runtime-abi_8b3dad6a3d4ba48ae1de7193 v0.1.0 (/home/newton/work/dev-hermit/worktrees/slots/dev-hermit-gdb-vfile-pin-20260916/ignored/gdb-vfile-pin-20260916/official-cli-1/runtime-tmp/hermit-rust-script-packages.7WgGeFwa/91a6f85b46f9a093)
    Checking check-nested-lockfiles_8566e8dae2f79552eb2ed511 v0.1.0 (/home/newton/work/dev-hermit/worktrees/slots/dev-hermit-gdb-vfile-pin-20260916/ignored/gdb-vfile-pin-20260916/official-cli-1/runtime-tmp/hermit-rust-script-packages.7WgGeFwa/40aa044d7d34c808)
    Checking regex v1.13.1
    Checking check-git-pin-uniformity_dd140c74607aabe79e585d7d v0.1.0 (/home/newton/work/dev-hermit/worktrees/slots/dev-hermit-gdb-vfile-pin-20260916/ignored/gdb-vfile-pin-20260916/official-cli-1/runtime-tmp/hermit-rust-script-packages.7WgGeFwa/6b330abf7c0ddfd4)
    Checking check-skill-discovery_7166a05291b62701efd51d82 v0.1.0 (/home/newton/work/dev-hermit/worktrees/slots/dev-hermit-gdb-vfile-pin-20260916/ignored/gdb-vfile-pin-20260916/official-cli-1/runtime-tmp/hermit-rust-script-packages.7WgGeFwa/2952a53430d12a42)
    Checking check-checker-scheduling_5165b99b2d5998523d5f81ee v0.1.0 (/home/newton/work/dev-hermit/worktrees/slots/dev-hermit-gdb-vfile-pin-20260916/ignored/gdb-vfile-pin-20260916/official-cli-1/runtime-tmp/hermit-rust-script-packages.7WgGeFwa/cd189eff27bcb3f6)
    Checking check-github-actions-triggers_465c98ff1e10e638d45eafa8 v0.1.0 (/home/newton/work/dev-hermit/worktrees/slots/dev-hermit-gdb-vfile-pin-20260916/ignored/gdb-vfile-pin-20260916/official-cli-1/runtime-tmp/hermit-rust-script-packages.7WgGeFwa/55ba5f117f6432d6)
    Checking log_timeslice_184505acbb73b88bc3b66a77 v0.1.0 (/home/newton/work/dev-hermit/worktrees/slots/dev-hermit-gdb-vfile-pin-20260916/ignored/gdb-vfile-pin-20260916/official-cli-1/runtime-tmp/hermit-rust-script-packages.7WgGeFwa/d409f34a1c6de4ee)
    Checking check-reverie-pin_f063d27954929bea8dab4ec7 v0.1.0 (/home/newton/work/dev-hermit/worktrees/slots/dev-hermit-gdb-vfile-pin-20260916/ignored/gdb-vfile-pin-20260916/official-cli-1/runtime-tmp/hermit-rust-script-packages.7WgGeFwa/93265ab9957e4aba)
    Checking detcore-backend-source_641ce0a3d62a56861556f1ec v0.1.0 (/home/newton/work/dev-hermit/worktrees/slots/dev-hermit-gdb-vfile-pin-20260916/ignored/gdb-vfile-pin-20260916/official-cli-1/runtime-tmp/hermit-rust-script-packages.7WgGeFwa/62ac2bfb61938d72)
    Checking reverie-core v0.2.0 (https://github.com/rrnewton/reverie.git?rev=d87a03a312421d34dee81dae71aa395b40231e63#d87a03a3)
    Checking hermit-manifest-plan v0.2.0 (/home/newton/work/dev-hermit/worktrees/slots/dev-hermit-gdb-vfile-pin-20260916/ci/manifest-plan)
    Checking hermit-detcore v0.2.0 (/home/newton/work/dev-hermit/worktrees/slots/dev-hermit-gdb-vfile-pin-20260916/detcore)
    Checking validate_244e3fe7b9f248471d830868 v0.1.0 (/home/newton/work/dev-hermit/worktrees/slots/dev-hermit-gdb-vfile-pin-20260916/ignored/gdb-vfile-pin-20260916/official-cli-1/runtime-tmp/hermit-rust-script-packages.7WgGeFwa/b7908774f65bce43)
    Checking nextest-binaries_d9674131c3e38af09c287f7b v0.1.0 (/home/newton/work/dev-hermit/worktrees/slots/dev-hermit-gdb-vfile-pin-20260916/ignored/gdb-vfile-pin-20260916/official-cli-1/runtime-tmp/hermit-rust-script-packages.7WgGeFwa/914eb5845ec9abe9)
    Checking scorecard_7aa50f1871c99bb240e08a60 v0.1.0 (/home/newton/work/dev-hermit/worktrees/slots/dev-hermit-gdb-vfile-pin-20260916/ignored/gdb-vfile-pin-20260916/official-cli-1/runtime-tmp/hermit-rust-script-packages.7WgGeFwa/ea43a74c69f612af)
    Checking pressure-test_b4b5310e07bdddd1920b76e5 v0.1.0 (/home/newton/work/dev-hermit/worktrees/slots/dev-hermit-gdb-vfile-pin-20260916/ignored/gdb-vfile-pin-20260916/official-cli-1/runtime-tmp/hermit-rust-script-packages.7WgGeFwa/5f829a04c0a8df85)
    Checking cross-backend-detlog-diff_05a032aafefdcbb8e0504a14 v0.1.0 (/home/newton/work/dev-hermit/worktrees/slots/dev-hermit-gdb-vfile-pin-20260916/ignored/gdb-vfile-pin-20260916/official-cli-1/runtime-tmp/hermit-rust-script-packages.7WgGeFwa/cae18980d4930ac8)
    Finished `dev` profile [unoptimized + debuginfo] target(s) in 18.73s
warning: profiles for the non root package will be ignored, specify profiles at the workspace root:
package:   /home/newton/work/dev-hermit/worktrees/slots/dev-hermit-gdb-vfile-pin-20260916/ignored/gdb-vfile-pin-20260916/official-cli-1/runtime-tmp/hermit-rust-script-packages.7WgGeFwa/5f829a04c0a8df85/Cargo.toml
workspace: /home/newton/work/dev-hermit/worktrees/slots/dev-hermit-gdb-vfile-pin-20260916/ignored/gdb-vfile-pin-20260916/official-cli-1/runtime-tmp/hermit-rust-script-packages.7WgGeFwa/Cargo.toml
warning: profiles for the non root package will be ignored, specify profiles at the workspace root:
package:   /home/newton/work/dev-hermit/worktrees/slots/dev-hermit-gdb-vfile-pin-20260916/ignored/gdb-vfile-pin-20260916/official-cli-1/runtime-tmp/hermit-rust-script-packages.7WgGeFwa/ea43a74c69f612af/Cargo.toml
workspace: /home/newton/work/dev-hermit/worktrees/slots/dev-hermit-gdb-vfile-pin-20260916/ignored/gdb-vfile-pin-20260916/official-cli-1/runtime-tmp/hermit-rust-script-packages.7WgGeFwa/Cargo.toml
warning: profiles for the non root package will be ignored, specify profiles at the workspace root:
package:   /home/newton/work/dev-hermit/worktrees/slots/dev-hermit-gdb-vfile-pin-20260916/ignored/gdb-vfile-pin-20260916/official-cli-1/runtime-tmp/hermit-rust-script-packages.7WgGeFwa/914eb5845ec9abe9/Cargo.toml
workspace: /home/newton/work/dev-hermit/worktrees/slots/dev-hermit-gdb-vfile-pin-20260916/ignored/gdb-vfile-pin-20260916/official-cli-1/runtime-tmp/hermit-rust-script-packages.7WgGeFwa/Cargo.toml
warning: profiles for the non root package will be ignored, specify profiles at the workspace root:
package:   /home/newton/work/dev-hermit/worktrees/slots/dev-hermit-gdb-vfile-pin-20260916/ignored/gdb-vfile-pin-20260916/official-cli-1/runtime-tmp/hermit-rust-script-packages.7WgGeFwa/59ea0555bb7bb866/Cargo.toml
workspace: /home/newton/work/dev-hermit/worktrees/slots/dev-hermit-gdb-vfile-pin-20260916/ignored/gdb-vfile-pin-20260916/official-cli-1/runtime-tmp/hermit-rust-script-packages.7WgGeFwa/Cargo.toml
warning: profiles for the non root package will be ignored, specify profiles at the workspace root:
package:   /home/newton/work/dev-hermit/worktrees/slots/dev-hermit-gdb-vfile-pin-20260916/ignored/gdb-vfile-pin-20260916/official-cli-1/runtime-tmp/hermit-rust-script-packages.7WgGeFwa/2162d8a3b81d996d/Cargo.toml
workspace: /home/newton/work/dev-hermit/worktrees/slots/dev-hermit-gdb-vfile-pin-20260916/ignored/gdb-vfile-pin-20260916/official-cli-1/runtime-tmp/hermit-rust-script-packages.7WgGeFwa/Cargo.toml
warning: profiles for the non root package will be ignored, specify profiles at the workspace root:
package:   /home/newton/work/dev-hermit/worktrees/slots/dev-hermit-gdb-vfile-pin-20260916/ignored/gdb-vfile-pin-20260916/official-cli-1/runtime-tmp/hermit-rust-script-packages.7WgGeFwa/74f4de48268e496d/Cargo.toml
workspace: /home/newton/work/dev-hermit/worktrees/slots/dev-hermit-gdb-vfile-pin-20260916/ignored/gdb-vfile-pin-20260916/official-cli-1/runtime-tmp/hermit-rust-script-packages.7WgGeFwa/Cargo.toml
warning: profiles for the non root package will be ignored, specify profiles at the workspace root:
package:   /home/newton/work/dev-hermit/worktrees/slots/dev-hermit-gdb-vfile-pin-20260916/ignored/gdb-vfile-pin-20260916/official-cli-1/runtime-tmp/hermit-rust-script-packages.7WgGeFwa/cfee71cd74153651/Cargo.toml
workspace: /home/newton/work/dev-hermit/worktrees/slots/dev-hermit-gdb-vfile-pin-20260916/ignored/gdb-vfile-pin-20260916/official-cli-1/runtime-tmp/hermit-rust-script-packages.7WgGeFwa/Cargo.toml
warning: profiles for the non root package will be ignored, specify profiles at the workspace root:
package:   /home/newton/work/dev-hermit/worktrees/slots/dev-hermit-gdb-vfile-pin-20260916/ignored/gdb-vfile-pin-20260916/official-cli-1/runtime-tmp/hermit-rust-script-packages.7WgGeFwa/dbfbd1f3870f1cf4/Cargo.toml
workspace: /home/newton/work/dev-hermit/worktrees/slots/dev-hermit-gdb-vfile-pin-20260916/ignored/gdb-vfile-pin-20260916/official-cli-1/runtime-tmp/hermit-rust-script-packages.7WgGeFwa/Cargo.toml
warning: profiles for the non root package will be ignored, specify profiles at the workspace root:
package:   /home/newton/work/dev-hermit/worktrees/slots/dev-hermit-gdb-vfile-pin-20260916/ignored/gdb-vfile-pin-20260916/official-cli-1/runtime-tmp/hermit-rust-script-packages.7WgGeFwa/344d4004465230b9/Cargo.toml
workspace: /home/newton/work/dev-hermit/worktrees/slots/dev-hermit-gdb-vfile-pin-20260916/ignored/gdb-vfile-pin-20260916/official-cli-1/runtime-tmp/hermit-rust-script-packages.7WgGeFwa/Cargo.toml
warning: profiles for the non root package will be ignored, specify profiles at the workspace root:
package:   /home/newton/work/dev-hermit/worktrees/slots/dev-hermit-gdb-vfile-pin-20260916/ignored/gdb-vfile-pin-20260916/official-cli-1/runtime-tmp/hermit-rust-script-packages.7WgGeFwa/cd189eff27bcb3f6/Cargo.toml
workspace: /home/newton/work/dev-hermit/worktrees/slots/dev-hermit-gdb-vfile-pin-20260916/ignored/gdb-vfile-pin-20260916/official-cli-1/runtime-tmp/hermit-rust-script-packages.7WgGeFwa/Cargo.toml
warning: profiles for the non root package will be ignored, specify profiles at the workspace root:
package:   /home/newton/work/dev-hermit/worktrees/slots/dev-hermit-gdb-vfile-pin-20260916/ignored/gdb-vfile-pin-20260916/official-cli-1/runtime-tmp/hermit-rust-script-packages.7WgGeFwa/91a6f85b46f9a093/Cargo.toml
workspace: /home/newton/work/dev-hermit/worktrees/slots/dev-hermit-gdb-vfile-pin-20260916/ignored/gdb-vfile-pin-20260916/official-cli-1/runtime-tmp/hermit-rust-script-packages.7WgGeFwa/Cargo.toml
warning: profiles for the non root package will be ignored, specify profiles at the workspace root:
package:   /home/newton/work/dev-hermit/worktrees/slots/dev-hermit-gdb-vfile-pin-20260916/ignored/gdb-vfile-pin-20260916/official-cli-1/runtime-tmp/hermit-rust-script-packages.7WgGeFwa/a1bd4437bae839b6/Cargo.toml
workspace: /home/newton/work/dev-hermit/worktrees/slots/dev-hermit-gdb-vfile-pin-20260916/ignored/gdb-vfile-pin-20260916/official-cli-1/runtime-tmp/hermit-rust-script-packages.7WgGeFwa/Cargo.toml
warning: profiles for the non root package will be ignored, specify profiles at the workspace root:
package:   /home/newton/work/dev-hermit/worktrees/slots/dev-hermit-gdb-vfile-pin-20260916/ignored/gdb-vfile-pin-20260916/official-cli-1/runtime-tmp/hermit-rust-script-packages.7WgGeFwa/6b330abf7c0ddfd4/Cargo.toml
workspace: /home/newton/work/dev-hermit/worktrees/slots/dev-hermit-gdb-vfile-pin-20260916/ignored/gdb-vfile-pin-20260916/official-cli-1/runtime-tmp/hermit-rust-script-packages.7WgGeFwa/Cargo.toml
warning: profiles for the non root package will be ignored, specify profiles at the workspace root:
package:   /home/newton/work/dev-hermit/worktrees/slots/dev-hermit-gdb-vfile-pin-20260916/ignored/gdb-vfile-pin-20260916/official-cli-1/runtime-tmp/hermit-rust-script-packages.7WgGeFwa/55ba5f117f6432d6/Cargo.toml
workspace: /home/newton/work/dev-hermit/worktrees/slots/dev-hermit-gdb-vfile-pin-20260916/ignored/gdb-vfile-pin-20260916/official-cli-1/runtime-tmp/hermit-rust-script-packages.7WgGeFwa/Cargo.toml
warning: profiles for the non root package will be ignored, specify profiles at the workspace root:
package:   /home/newton/work/dev-hermit/worktrees/slots/dev-hermit-gdb-vfile-pin-20260916/ignored/gdb-vfile-pin-20260916/official-cli-1/runtime-tmp/hermit-rust-script-packages.7WgGeFwa/40aa044d7d34c808/Cargo.toml
workspace: /home/newton/work/dev-hermit/worktrees/slots/dev-hermit-gdb-vfile-pin-20260916/ignored/gdb-vfile-pin-20260916/official-cli-1/runtime-tmp/hermit-rust-script-packages.7WgGeFwa/Cargo.toml
warning: profiles for the non root package will be ignored, specify profiles at the workspace root:
package:   /home/newton/work/dev-hermit/worktrees/slots/dev-hermit-gdb-vfile-pin-20260916/ignored/gdb-vfile-pin-20260916/official-cli-1/runtime-tmp/hermit-rust-script-packages.7WgGeFwa/f8017f227c95ed9a/Cargo.toml
workspace: /home/newton/work/dev-hermit/worktrees/slots/dev-hermit-gdb-vfile-pin-20260916/ignored/gdb-vfile-pin-20260916/official-cli-1/runtime-tmp/hermit-rust-script-packages.7WgGeFwa/Cargo.toml
warning: profiles for the non root package will be ignored, specify profiles at the workspace root:
package:   /home/newton/work/dev-hermit/worktrees/slots/dev-hermit-gdb-vfile-pin-20260916/ignored/gdb-vfile-pin-20260916/official-cli-1/runtime-tmp/hermit-rust-script-packages.7WgGeFwa/93265ab9957e4aba/Cargo.toml
workspace: /home/newton/work/dev-hermit/worktrees/slots/dev-hermit-gdb-vfile-pin-20260916/ignored/gdb-vfile-pin-20260916/official-cli-1/runtime-tmp/hermit-rust-script-packages.7WgGeFwa/Cargo.toml
warning: profiles for the non root package will be ignored, specify profiles at the workspace root:
package:   /home/newton/work/dev-hermit/worktrees/slots/dev-hermit-gdb-vfile-pin-20260916/ignored/gdb-vfile-pin-20260916/official-cli-1/runtime-tmp/hermit-rust-script-packages.7WgGeFwa/2952a53430d12a42/Cargo.toml
workspace: /home/newton/work/dev-hermit/worktrees/slots/dev-hermit-gdb-vfile-pin-20260916/ignored/gdb-vfile-pin-20260916/official-cli-1/runtime-tmp/hermit-rust-script-packages.7WgGeFwa/Cargo.toml
warning: profiles for the non root package will be ignored, specify profiles at the workspace root:
package:   /home/newton/work/dev-hermit/worktrees/slots/dev-hermit-gdb-vfile-pin-20260916/ignored/gdb-vfile-pin-20260916/official-cli-1/runtime-tmp/hermit-rust-script-packages.7WgGeFwa/cae18980d4930ac8/Cargo.toml
workspace: /home/newton/work/dev-hermit/worktrees/slots/dev-hermit-gdb-vfile-pin-20260916/ignored/gdb-vfile-pin-20260916/official-cli-1/runtime-tmp/hermit-rust-script-packages.7WgGeFwa/Cargo.toml
warning: profiles for the non root package will be ignored, specify profiles at the workspace root:
package:   /home/newton/work/dev-hermit/worktrees/slots/dev-hermit-gdb-vfile-pin-20260916/ignored/gdb-vfile-pin-20260916/official-cli-1/runtime-tmp/hermit-rust-script-packages.7WgGeFwa/62ac2bfb61938d72/Cargo.toml
workspace: /home/newton/work/dev-hermit/worktrees/slots/dev-hermit-gdb-vfile-pin-20260916/ignored/gdb-vfile-pin-20260916/official-cli-1/runtime-tmp/hermit-rust-script-packages.7WgGeFwa/Cargo.toml
warning: profiles for the non root package will be ignored, specify profiles at the workspace root:
package:   /home/newton/work/dev-hermit/worktrees/slots/dev-hermit-gdb-vfile-pin-20260916/ignored/gdb-vfile-pin-20260916/official-cli-1/runtime-tmp/hermit-rust-script-packages.7WgGeFwa/76d1a06784c51374/Cargo.toml
workspace: /home/newton/work/dev-hermit/worktrees/slots/dev-hermit-gdb-vfile-pin-20260916/ignored/gdb-vfile-pin-20260916/official-cli-1/runtime-tmp/hermit-rust-script-packages.7WgGeFwa/Cargo.toml
warning: profiles for the non root package will be ignored, specify profiles at the workspace root:
package:   /home/newton/work/dev-hermit/worktrees/slots/dev-hermit-gdb-vfile-pin-20260916/ignored/gdb-vfile-pin-20260916/official-cli-1/runtime-tmp/hermit-rust-script-packages.7WgGeFwa/e306610591edf591/Cargo.toml
workspace: /home/newton/work/dev-hermit/worktrees/slots/dev-hermit-gdb-vfile-pin-20260916/ignored/gdb-vfile-pin-20260916/official-cli-1/runtime-tmp/hermit-rust-script-packages.7WgGeFwa/Cargo.toml
warning: profiles for the non root package will be ignored, specify profiles at the workspace root:
package:   /home/newton/work/dev-hermit/worktrees/slots/dev-hermit-gdb-vfile-pin-20260916/ignored/gdb-vfile-pin-20260916/official-cli-1/runtime-tmp/hermit-rust-script-packages.7WgGeFwa/d409f34a1c6de4ee/Cargo.toml
workspace: /home/newton/work/dev-hermit/worktrees/slots/dev-hermit-gdb-vfile-pin-20260916/ignored/gdb-vfile-pin-20260916/official-cli-1/runtime-tmp/hermit-rust-script-packages.7WgGeFwa/Cargo.toml
warning: profiles for the non root package will be ignored, specify profiles at the workspace root:
package:   /home/newton/work/dev-hermit/worktrees/slots/dev-hermit-gdb-vfile-pin-20260916/ignored/gdb-vfile-pin-20260916/official-cli-1/runtime-tmp/hermit-rust-script-packages.7WgGeFwa/fc33cf509da19b1c/Cargo.toml
workspace: /home/newton/work/dev-hermit/worktrees/slots/dev-hermit-gdb-vfile-pin-20260916/ignored/gdb-vfile-pin-20260916/official-cli-1/runtime-tmp/hermit-rust-script-packages.7WgGeFwa/Cargo.toml
warning: profiles for the non root package will be ignored, specify profiles at the workspace root:
package:   /home/newton/work/dev-hermit/worktrees/slots/dev-hermit-gdb-vfile-pin-20260916/ignored/gdb-vfile-pin-20260916/official-cli-1/runtime-tmp/hermit-rust-script-packages.7WgGeFwa/3872522b0d01e12d/Cargo.toml
workspace: /home/newton/work/dev-hermit/worktrees/slots/dev-hermit-gdb-vfile-pin-20260916/ignored/gdb-vfile-pin-20260916/official-cli-1/runtime-tmp/hermit-rust-script-packages.7WgGeFwa/Cargo.toml
warning: profiles for the non root package will be ignored, specify profiles at the workspace root:
package:   /home/newton/work/dev-hermit/worktrees/slots/dev-hermit-gdb-vfile-pin-20260916/ignored/gdb-vfile-pin-20260916/official-cli-1/runtime-tmp/hermit-rust-script-packages.7WgGeFwa/81da3f1d442cc879/Cargo.toml
workspace: /home/newton/work/dev-hermit/worktrees/slots/dev-hermit-gdb-vfile-pin-20260916/ignored/gdb-vfile-pin-20260916/official-cli-1/runtime-tmp/hermit-rust-script-packages.7WgGeFwa/Cargo.toml
warning: profiles for the non root package will be ignored, specify profiles at the workspace root:
package:   /home/newton/work/dev-hermit/worktrees/slots/dev-hermit-gdb-vfile-pin-20260916/ignored/gdb-vfile-pin-20260916/official-cli-1/runtime-tmp/hermit-rust-script-packages.7WgGeFwa/b7908774f65bce43/Cargo.toml
workspace: /home/newton/work/dev-hermit/worktrees/slots/dev-hermit-gdb-vfile-pin-20260916/ignored/gdb-vfile-pin-20260916/official-cli-1/runtime-tmp/hermit-rust-script-packages.7WgGeFwa/Cargo.toml
warning: profiles for the non root package will be ignored, specify profiles at the workspace root:
package:   /home/newton/work/dev-hermit/worktrees/slots/dev-hermit-gdb-vfile-pin-20260916/ignored/gdb-vfile-pin-20260916/official-cli-1/runtime-tmp/hermit-rust-script-packages.7WgGeFwa/6972560c9ef2290f/Cargo.toml
workspace: /home/newton/work/dev-hermit/worktrees/slots/dev-hermit-gdb-vfile-pin-20260916/ignored/gdb-vfile-pin-20260916/official-cli-1/runtime-tmp/hermit-rust-script-packages.7WgGeFwa/Cargo.toml
   Compiling proc-macro2 v1.0.107
   Compiling quote v1.0.47
   Compiling unicode-ident v1.0.25
   Compiling serde_core v1.0.229
   Compiling serde v1.0.229
   Compiling libc v0.2.189
   Compiling cfg-if v1.0.5
   Compiling memchr v2.8.3
   Compiling itoa v1.0.18
   Compiling autocfg v1.5.1
   Compiling equivalent v1.0.2
   Compiling hashbrown v0.17.1
   Compiling zmij v1.0.23
   Compiling serde_json v1.0.151
   Compiling libm v0.2.16
   Compiling rustix v1.1.5
   Compiling num-traits v0.2.19
   Compiling pin-project-lite v0.2.17
   Compiling linux-raw-sys v0.12.1
   Compiling version_check v0.9.5
   Compiling syn v3.0.6
   Compiling generic-array v0.14.7
   Compiling syn v2.0.119
   Compiling indexmap v2.14.2
   Compiling memoffset v0.9.1
   Compiling ryu v1.0.23
   Compiling syscalls v0.6.18
   Compiling cfg_aliases v0.2.2
   Compiling nix v0.30.1
   Compiling typenum v1.20.1
   Compiling unicode-segmentation v1.13.3
   Compiling errno v0.3.14
   Compiling signal-hook-registry v1.4.8
   Compiling convert_case v0.6.0
   Compiling utf8parse v0.2.2
   Compiling virtue v0.0.18
   Compiling unicode-xid v0.2.6
   Compiling iana-time-zone v0.1.65
   Compiling bitflags v2.13.2
   Compiling paste v1.0.15
   Compiling bincode_derive v2.0.1
   Compiling anstyle-parse v1.0.0
   Compiling radium v0.7.0
   Compiling anyhow v1.0.104
   Compiling anstyle v1.0.14
   Compiling once_cell v1.21.4
   Compiling unicode-width v0.2.2
   Compiling anstyle-query v1.1.5
   Compiling unty v0.0.4
   Compiling is_terminal_polyfill v1.70.2
   Compiling colorchoice v1.0.5
   Compiling block-buffer v0.10.4
   Compiling anstream v1.0.0
   Compiling crypto-common v0.1.7
   Compiling strsim v0.11.1
   Compiling crc32fast v1.5.2
   Compiling clap_lex v1.1.1
   Compiling rand_core v0.10.1
   Compiling unicase v2.9.0
   Compiling tap v1.0.1
   Compiling heck v0.5.0
   Compiling serde_derive v1.0.229
   Compiling serde_repr v0.1.21
   Compiling signal-hook v0.4.4
   Compiling clap_derive v4.6.7
   Compiling wyz v0.5.1
   Compiling digest v0.10.7
   Compiling tracing-core v0.1.36
   Compiling derive_more-impl v1.0.0
   Compiling tracing-attributes v0.1.31
   Compiling simd-adler32 v0.3.10
   Compiling cpufeatures v0.2.17
   Compiling unsafe-libyaml-norway v0.2.15
   Compiling getrandom v0.4.3
   Compiling adler2 v2.0.1
   Compiling terminal_size v0.4.4
   Compiling clap_builder v4.6.7
   Compiling funty v2.0.0
   Compiling miniz_oxide v0.9.1
   Compiling chrono v0.4.45
   Compiling reverie-memory v0.2.0 (https://github.com/rrnewton/reverie.git?rev=d87a03a312421d34dee81dae71aa395b40231e63#d87a03a3)
   Compiling bincode v2.0.1
   Compiling bitvec v1.1.1
   Compiling serde_norway v0.9.42
   Compiling derive_more v1.0.0
   Compiling reverie-syscalls v0.2.0 (https://github.com/rrnewton/reverie.git?rev=d87a03a312421d34dee81dae71aa395b40231e63#d87a03a3)
   Compiling clap v4.6.7
   Compiling tracing v0.1.44
   Compiling sha2 v0.10.9
   Compiling smallvec v1.16.1
   Compiling futures-sink v0.3.34
   Compiling bytesize v2.7.0
   Compiling futures-core v0.3.34
   Compiling shell-words v1.1.1
   Compiling parking_lot_core v0.9.12
   Compiling unsafe-libyaml v0.2.11
   Compiling futures-channel v0.3.34
   Compiling dagrun v0.15.0 (/home/newton/work/dev-hermit/worktrees/slots/dev-hermit-gdb-vfile-pin-20260916/agent-utils/rs/dagrun)
   Compiling flate2 v1.1.10
   Compiling futures-macro v0.3.34
   Compiling futures v0.1.31
   Compiling serde_yaml v0.9.34+deprecated
   Compiling slab v0.4.12
   Compiling scopeguard v1.2.0
   Compiling futures-io v0.3.34
   Compiling futures-task v0.3.34
   Compiling lock_api v0.4.14
   Compiling futures-util v0.3.34
   Compiling twox-hash v2.1.4
   Compiling static_assertions v1.1.0
   Compiling object v0.39.1
   Compiling thiserror v2.0.20
   Compiling cpp_demangle v0.5.1
   Compiling twox-hash v1.6.3
   Compiling detcore-model v0.2.0 (/home/newton/work/dev-hermit/worktrees/slots/dev-hermit-gdb-vfile-pin-20260916/detcore-model)
   Compiling ruzstd v0.8.3
   Compiling parking_lot v0.12.5
   Compiling toml_datetime v0.6.11
   Compiling serde_spanned v0.6.9
   Compiling thiserror-impl v2.0.20
   Compiling tokio-macros v2.7.2
   Compiling mio v1.2.3
   Compiling socket2 v0.6.5
   Compiling hex v0.4.3
   Compiling futures-executor v0.3.34
   Compiling cpufeatures v0.3.1
   Compiling procfs v0.18.0
   Compiling lazy_static v1.5.0
   Compiling object v0.36.7
   Compiling foldhash v0.1.5
   Compiling winnow v0.7.15
   Compiling fastrand v2.5.0
   Compiling toml_write v0.1.2
   Compiling typed-arena v2.0.2
   Compiling bytes v1.12.1
   Compiling tempfile v3.27.0
   Compiling hashbrown v0.15.5
   Compiling tokio v1.53.1
   Compiling colored v2.2.0
   Compiling futures v0.3.34
   Compiling chacha20 v0.10.2
   Compiling procfs-core v0.18.0
   Compiling ruzstd v0.7.3
   Compiling toml_edit v0.22.27
   Compiling hermit-manifest-plan v0.2.0 (/home/newton/work/dev-hermit/worktrees/slots/dev-hermit-gdb-vfile-pin-20260916/ci/manifest-plan)
   Compiling memmap2 v0.9.11
   Compiling aho-corasick v1.1.5
   Compiling regex-syntax v0.8.11
   Compiling rustc-demangle v0.1.28
   Compiling gimli v0.33.0
   Compiling fallible-iterator v0.3.0
   Compiling bitflags v1.3.2
   Compiling raw-cpuid v10.7.0
   Compiling addr2line v0.26.1
   Compiling regex-automata v0.4.18
   Compiling reverie-process v0.2.0 (https://github.com/rrnewton/reverie.git?rev=d87a03a312421d34dee81dae71aa395b40231e63#d87a03a3)
   Compiling rand v0.10.2
   Compiling linked-hash-map v0.5.6
   Compiling async-trait v0.1.92
   Compiling csv-core v0.1.13
   Compiling yansi v1.0.1
   Compiling never-say-never v6.6.666
   Compiling diff v0.1.13
   Compiling arrayvec v0.5.2
   Compiling byteorder v1.5.0
   Compiling pretty v0.12.5
   Compiling pretty_assertions v1.4.1
   Compiling csv v1.4.0
   Compiling rand_distr v0.6.0
   Compiling regex v1.13.1
   Compiling toml v0.8.23
   Compiling reverie-core v0.2.0 (https://github.com/rrnewton/reverie.git?rev=d87a03a312421d34dee81dae71aa395b40231e63#d87a03a3)
   Compiling rand_pcg v0.10.2
   Compiling hermit-detcore v0.2.0 (/home/newton/work/dev-hermit/worktrees/slots/dev-hermit-gdb-vfile-pin-20260916/detcore)
   Compiling fs2 v0.4.3
   Compiling manifest-to-commands_688e7ac55122198c85d6a45a v0.1.0 (/home/newton/work/dev-hermit/worktrees/slots/dev-hermit-gdb-vfile-pin-20260916/ignored/gdb-vfile-pin-20260916/official-cli-1/runtime-tmp/hermit-rust-script-packages.7WgGeFwa/fc33cf509da19b1c)
   Compiling update_spreadsheet_79cca440e9ac9d843e58eea2 v0.1.0 (/home/newton/work/dev-hermit/worktrees/slots/dev-hermit-gdb-vfile-pin-20260916/ignored/gdb-vfile-pin-20260916/official-cli-1/runtime-tmp/hermit-rust-script-packages.7WgGeFwa/81da3f1d442cc879)
   Compiling nextest-timeout-config_7cbcbbbf4f525c447fda0f44 v0.1.0 (/home/newton/work/dev-hermit/worktrees/slots/dev-hermit-gdb-vfile-pin-20260916/ignored/gdb-vfile-pin-20260916/official-cli-1/runtime-tmp/hermit-rust-script-packages.7WgGeFwa/2162d8a3b81d996d)
   Compiling manifest-cli_3c931129bf3ddf5a56094fdc v0.1.0 (/home/newton/work/dev-hermit/worktrees/slots/dev-hermit-gdb-vfile-pin-20260916/ignored/gdb-vfile-pin-20260916/official-cli-1/runtime-tmp/hermit-rust-script-packages.7WgGeFwa/6972560c9ef2290f)
   Compiling hermit-code-coverage_45f087d1094c4c522a58ab17 v0.1.0 (/home/newton/work/dev-hermit/worktrees/slots/dev-hermit-gdb-vfile-pin-20260916/ignored/gdb-vfile-pin-20260916/official-cli-1/runtime-tmp/hermit-rust-script-packages.7WgGeFwa/e306610591edf591)
   Compiling select-tests_fd51724200e6267559757e84 v0.1.0 (/home/newton/work/dev-hermit/worktrees/slots/dev-hermit-gdb-vfile-pin-20260916/ignored/gdb-vfile-pin-20260916/official-cli-1/runtime-tmp/hermit-rust-script-packages.7WgGeFwa/cfee71cd74153651)
   Compiling power-to-weight_aeb0399a17a0f8106fccab9e v0.1.0 (/home/newton/work/dev-hermit/worktrees/slots/dev-hermit-gdb-vfile-pin-20260916/ignored/gdb-vfile-pin-20260916/official-cli-1/runtime-tmp/hermit-rust-script-packages.7WgGeFwa/74f4de48268e496d)
   Compiling bisect-probe_d2b444528acfe8cfb4c74dfa v0.1.0 (/home/newton/work/dev-hermit/worktrees/slots/dev-hermit-gdb-vfile-pin-20260916/ignored/gdb-vfile-pin-20260916/official-cli-1/runtime-tmp/hermit-rust-script-packages.7WgGeFwa/344d4004465230b9)
   Compiling docs-pages-contract_c958c81bd52ec825e3ed276b v0.1.0 (/home/newton/work/dev-hermit/worktrees/slots/dev-hermit-gdb-vfile-pin-20260916/ignored/gdb-vfile-pin-20260916/official-cli-1/runtime-tmp/hermit-rust-script-packages.7WgGeFwa/76d1a06784c51374)
   Compiling check-record-version-floor_b07408d97b2d867ad66160a4 v0.1.0 (/home/newton/work/dev-hermit/worktrees/slots/dev-hermit-gdb-vfile-pin-20260916/ignored/gdb-vfile-pin-20260916/official-cli-1/runtime-tmp/hermit-rust-script-packages.7WgGeFwa/f8017f227c95ed9a)
   Compiling runner_health_5d6b9a8686b608ce9f09da9d v0.1.0 (/home/newton/work/dev-hermit/worktrees/slots/dev-hermit-gdb-vfile-pin-20260916/ignored/gdb-vfile-pin-20260916/official-cli-1/runtime-tmp/hermit-rust-script-packages.7WgGeFwa/3872522b0d01e12d)
   Compiling check-exit-status-class_67db1d8e71f9624a32b580db v0.1.0 (/home/newton/work/dev-hermit/worktrees/slots/dev-hermit-gdb-vfile-pin-20260916/ignored/gdb-vfile-pin-20260916/official-cli-1/runtime-tmp/hermit-rust-script-packages.7WgGeFwa/a1bd4437bae839b6)
   Compiling check-nested-lockfiles_8566e8dae2f79552eb2ed511 v0.1.0 (/home/newton/work/dev-hermit/worktrees/slots/dev-hermit-gdb-vfile-pin-20260916/ignored/gdb-vfile-pin-20260916/official-cli-1/runtime-tmp/hermit-rust-script-packages.7WgGeFwa/40aa044d7d34c808)
   Compiling log_timeslice_184505acbb73b88bc3b66a77 v0.1.0 (/home/newton/work/dev-hermit/worktrees/slots/dev-hermit-gdb-vfile-pin-20260916/ignored/gdb-vfile-pin-20260916/official-cli-1/runtime-tmp/hermit-rust-script-packages.7WgGeFwa/d409f34a1c6de4ee)
   Compiling check-skill-discovery_7166a05291b62701efd51d82 v0.1.0 (/home/newton/work/dev-hermit/worktrees/slots/dev-hermit-gdb-vfile-pin-20260916/ignored/gdb-vfile-pin-20260916/official-cli-1/runtime-tmp/hermit-rust-script-packages.7WgGeFwa/2952a53430d12a42)
   Compiling check-dbt-runtime-abi_8b3dad6a3d4ba48ae1de7193 v0.1.0 (/home/newton/work/dev-hermit/worktrees/slots/dev-hermit-gdb-vfile-pin-20260916/ignored/gdb-vfile-pin-20260916/official-cli-1/runtime-tmp/hermit-rust-script-packages.7WgGeFwa/91a6f85b46f9a093)
   Compiling check-github-actions-triggers_465c98ff1e10e638d45eafa8 v0.1.0 (/home/newton/work/dev-hermit/worktrees/slots/dev-hermit-gdb-vfile-pin-20260916/ignored/gdb-vfile-pin-20260916/official-cli-1/runtime-tmp/hermit-rust-script-packages.7WgGeFwa/55ba5f117f6432d6)
   Compiling check-reverie-pin_f063d27954929bea8dab4ec7 v0.1.0 (/home/newton/work/dev-hermit/worktrees/slots/dev-hermit-gdb-vfile-pin-20260916/ignored/gdb-vfile-pin-20260916/official-cli-1/runtime-tmp/hermit-rust-script-packages.7WgGeFwa/93265ab9957e4aba)
   Compiling check-checker-scheduling_5165b99b2d5998523d5f81ee v0.1.0 (/home/newton/work/dev-hermit/worktrees/slots/dev-hermit-gdb-vfile-pin-20260916/ignored/gdb-vfile-pin-20260916/official-cli-1/runtime-tmp/hermit-rust-script-packages.7WgGeFwa/cd189eff27bcb3f6)
   Compiling check-git-pin-uniformity_dd140c74607aabe79e585d7d v0.1.0 (/home/newton/work/dev-hermit/worktrees/slots/dev-hermit-gdb-vfile-pin-20260916/ignored/gdb-vfile-pin-20260916/official-cli-1/runtime-tmp/hermit-rust-script-packages.7WgGeFwa/6b330abf7c0ddfd4)
   Compiling detcore-backend-source_641ce0a3d62a56861556f1ec v0.1.0 (/home/newton/work/dev-hermit/worktrees/slots/dev-hermit-gdb-vfile-pin-20260916/ignored/gdb-vfile-pin-20260916/official-cli-1/runtime-tmp/hermit-rust-script-packages.7WgGeFwa/62ac2bfb61938d72)
   Compiling nextest-test-results_5051903d76063ea36056888c v0.1.0 (/home/newton/work/dev-hermit/worktrees/slots/dev-hermit-gdb-vfile-pin-20260916/ignored/gdb-vfile-pin-20260916/official-cli-1/runtime-tmp/hermit-rust-script-packages.7WgGeFwa/59ea0555bb7bb866)
   Compiling validate_244e3fe7b9f248471d830868 v0.1.0 (/home/newton/work/dev-hermit/worktrees/slots/dev-hermit-gdb-vfile-pin-20260916/ignored/gdb-vfile-pin-20260916/official-cli-1/runtime-tmp/hermit-rust-script-packages.7WgGeFwa/b7908774f65bce43)
   Compiling nextest-binaries_d9674131c3e38af09c287f7b v0.1.0 (/home/newton/work/dev-hermit/worktrees/slots/dev-hermit-gdb-vfile-pin-20260916/ignored/gdb-vfile-pin-20260916/official-cli-1/runtime-tmp/hermit-rust-script-packages.7WgGeFwa/914eb5845ec9abe9)
   Compiling scorecard_7aa50f1871c99bb240e08a60 v0.1.0 (/home/newton/work/dev-hermit/worktrees/slots/dev-hermit-gdb-vfile-pin-20260916/ignored/gdb-vfile-pin-20260916/official-cli-1/runtime-tmp/hermit-rust-script-packages.7WgGeFwa/ea43a74c69f612af)
   Compiling pressure-test_b4b5310e07bdddd1920b76e5 v0.1.0 (/home/newton/work/dev-hermit/worktrees/slots/dev-hermit-gdb-vfile-pin-20260916/ignored/gdb-vfile-pin-20260916/official-cli-1/runtime-tmp/hermit-rust-script-packages.7WgGeFwa/5f829a04c0a8df85)
   Compiling structured-test-results_b483cd2a9aec723cc083efcb v0.1.0 (/home/newton/work/dev-hermit/worktrees/slots/dev-hermit-gdb-vfile-pin-20260916/ignored/gdb-vfile-pin-20260916/official-cli-1/runtime-tmp/hermit-rust-script-packages.7WgGeFwa/dbfbd1f3870f1cf4)
   Compiling cross-backend-detlog-diff_05a032aafefdcbb8e0504a14 v0.1.0 (/home/newton/work/dev-hermit/worktrees/slots/dev-hermit-gdb-vfile-pin-20260916/ignored/gdb-vfile-pin-20260916/official-cli-1/runtime-tmp/hermit-rust-script-packages.7WgGeFwa/cae18980d4930ac8)
    Finished `release` profile [optimized] target(s) in 1m 09s
warning: profiles for the non root package will be ignored, specify profiles at the workspace root:
package:   /home/newton/work/dev-hermit/worktrees/slots/dev-hermit-gdb-vfile-pin-20260916/ignored/gdb-vfile-pin-20260916/official-cli-1/runtime-tmp/hermit-rust-script-packages.7WgGeFwa/5f829a04c0a8df85/Cargo.toml
workspace: /home/newton/work/dev-hermit/worktrees/slots/dev-hermit-gdb-vfile-pin-20260916/ignored/gdb-vfile-pin-20260916/official-cli-1/runtime-tmp/hermit-rust-script-packages.7WgGeFwa/Cargo.toml
warning: profiles for the non root package will be ignored, specify profiles at the workspace root:
package:   /home/newton/work/dev-hermit/worktrees/slots/dev-hermit-gdb-vfile-pin-20260916/ignored/gdb-vfile-pin-20260916/official-cli-1/runtime-tmp/hermit-rust-script-packages.7WgGeFwa/ea43a74c69f612af/Cargo.toml
workspace: /home/newton/work/dev-hermit/worktrees/slots/dev-hermit-gdb-vfile-pin-20260916/ignored/gdb-vfile-pin-20260916/official-cli-1/runtime-tmp/hermit-rust-script-packages.7WgGeFwa/Cargo.toml
warning: profiles for the non root package will be ignored, specify profiles at the workspace root:
package:   /home/newton/work/dev-hermit/worktrees/slots/dev-hermit-gdb-vfile-pin-20260916/ignored/gdb-vfile-pin-20260916/official-cli-1/runtime-tmp/hermit-rust-script-packages.7WgGeFwa/914eb5845ec9abe9/Cargo.toml
workspace: /home/newton/work/dev-hermit/worktrees/slots/dev-hermit-gdb-vfile-pin-20260916/ignored/gdb-vfile-pin-20260916/official-cli-1/runtime-tmp/hermit-rust-script-packages.7WgGeFwa/Cargo.toml
warning: profiles for the non root package will be ignored, specify profiles at the workspace root:
package:   /home/newton/work/dev-hermit/worktrees/slots/dev-hermit-gdb-vfile-pin-20260916/ignored/gdb-vfile-pin-20260916/official-cli-1/runtime-tmp/hermit-rust-script-packages.7WgGeFwa/59ea0555bb7bb866/Cargo.toml
workspace: /home/newton/work/dev-hermit/worktrees/slots/dev-hermit-gdb-vfile-pin-20260916/ignored/gdb-vfile-pin-20260916/official-cli-1/runtime-tmp/hermit-rust-script-packages.7WgGeFwa/Cargo.toml
warning: profiles for the non root package will be ignored, specify profiles at the workspace root:
package:   /home/newton/work/dev-hermit/worktrees/slots/dev-hermit-gdb-vfile-pin-20260916/ignored/gdb-vfile-pin-20260916/official-cli-1/runtime-tmp/hermit-rust-script-packages.7WgGeFwa/2162d8a3b81d996d/Cargo.toml
workspace: /home/newton/work/dev-hermit/worktrees/slots/dev-hermit-gdb-vfile-pin-20260916/ignored/gdb-vfile-pin-20260916/official-cli-1/runtime-tmp/hermit-rust-script-packages.7WgGeFwa/Cargo.toml
warning: profiles for the non root package will be ignored, specify profiles at the workspace root:
package:   /home/newton/work/dev-hermit/worktrees/slots/dev-hermit-gdb-vfile-pin-20260916/ignored/gdb-vfile-pin-20260916/official-cli-1/runtime-tmp/hermit-rust-script-packages.7WgGeFwa/74f4de48268e496d/Cargo.toml
workspace: /home/newton/work/dev-hermit/worktrees/slots/dev-hermit-gdb-vfile-pin-20260916/ignored/gdb-vfile-pin-20260916/official-cli-1/runtime-tmp/hermit-rust-script-packages.7WgGeFwa/Cargo.toml
warning: profiles for the non root package will be ignored, specify profiles at the workspace root:
package:   /home/newton/work/dev-hermit/worktrees/slots/dev-hermit-gdb-vfile-pin-20260916/ignored/gdb-vfile-pin-20260916/official-cli-1/runtime-tmp/hermit-rust-script-packages.7WgGeFwa/cfee71cd74153651/Cargo.toml
workspace: /home/newton/work/dev-hermit/worktrees/slots/dev-hermit-gdb-vfile-pin-20260916/ignored/gdb-vfile-pin-20260916/official-cli-1/runtime-tmp/hermit-rust-script-packages.7WgGeFwa/Cargo.toml
warning: profiles for the non root package will be ignored, specify profiles at the workspace root:
package:   /home/newton/work/dev-hermit/worktrees/slots/dev-hermit-gdb-vfile-pin-20260916/ignored/gdb-vfile-pin-20260916/official-cli-1/runtime-tmp/hermit-rust-script-packages.7WgGeFwa/dbfbd1f3870f1cf4/Cargo.toml
workspace: /home/newton/work/dev-hermit/worktrees/slots/dev-hermit-gdb-vfile-pin-20260916/ignored/gdb-vfile-pin-20260916/official-cli-1/runtime-tmp/hermit-rust-script-packages.7WgGeFwa/Cargo.toml
warning: profiles for the non root package will be ignored, specify profiles at the workspace root:
package:   /home/newton/work/dev-hermit/worktrees/slots/dev-hermit-gdb-vfile-pin-20260916/ignored/gdb-vfile-pin-20260916/official-cli-1/runtime-tmp/hermit-rust-script-packages.7WgGeFwa/344d4004465230b9/Cargo.toml
workspace: /home/newton/work/dev-hermit/worktrees/slots/dev-hermit-gdb-vfile-pin-20260916/ignored/gdb-vfile-pin-20260916/official-cli-1/runtime-tmp/hermit-rust-script-packages.7WgGeFwa/Cargo.toml
warning: profiles for the non root package will be ignored, specify profiles at the workspace root:
package:   /home/newton/work/dev-hermit/worktrees/slots/dev-hermit-gdb-vfile-pin-20260916/ignored/gdb-vfile-pin-20260916/official-cli-1/runtime-tmp/hermit-rust-script-packages.7WgGeFwa/cd189eff27bcb3f6/Cargo.toml
workspace: /home/newton/work/dev-hermit/worktrees/slots/dev-hermit-gdb-vfile-pin-20260916/ignored/gdb-vfile-pin-20260916/official-cli-1/runtime-tmp/hermit-rust-script-packages.7WgGeFwa/Cargo.toml
warning: profiles for the non root package will be ignored, specify profiles at the workspace root:
package:   /home/newton/work/dev-hermit/worktrees/slots/dev-hermit-gdb-vfile-pin-20260916/ignored/gdb-vfile-pin-20260916/official-cli-1/runtime-tmp/hermit-rust-script-packages.7WgGeFwa/91a6f85b46f9a093/Cargo.toml
workspace: /home/newton/work/dev-hermit/worktrees/slots/dev-hermit-gdb-vfile-pin-20260916/ignored/gdb-vfile-pin-20260916/official-cli-1/runtime-tmp/hermit-rust-script-packages.7WgGeFwa/Cargo.toml
warning: profiles for the non root package will be ignored, specify profiles at the workspace root:
package:   /home/newton/work/dev-hermit/worktrees/slots/dev-hermit-gdb-vfile-pin-20260916/ignored/gdb-vfile-pin-20260916/official-cli-1/runtime-tmp/hermit-rust-script-packages.7WgGeFwa/a1bd4437bae839b6/Cargo.toml
workspace: /home/newton/work/dev-hermit/worktrees/slots/dev-hermit-gdb-vfile-pin-20260916/ignored/gdb-vfile-pin-20260916/official-cli-1/runtime-tmp/hermit-rust-script-packages.7WgGeFwa/Cargo.toml
warning: profiles for the non root package will be ignored, specify profiles at the workspace root:
package:   /home/newton/work/dev-hermit/worktrees/slots/dev-hermit-gdb-vfile-pin-20260916/ignored/gdb-vfile-pin-20260916/official-cli-1/runtime-tmp/hermit-rust-script-packages.7WgGeFwa/6b330abf7c0ddfd4/Cargo.toml
workspace: /home/newton/work/dev-hermit/worktrees/slots/dev-hermit-gdb-vfile-pin-20260916/ignored/gdb-vfile-pin-20260916/official-cli-1/runtime-tmp/hermit-rust-script-packages.7WgGeFwa/Cargo.toml
warning: profiles for the non root package will be ignored, specify profiles at the workspace root:
package:   /home/newton/work/dev-hermit/worktrees/slots/dev-hermit-gdb-vfile-pin-20260916/ignored/gdb-vfile-pin-20260916/official-cli-1/runtime-tmp/hermit-rust-script-packages.7WgGeFwa/55ba5f117f6432d6/Cargo.toml
workspace: /home/newton/work/dev-hermit/worktrees/slots/dev-hermit-gdb-vfile-pin-20260916/ignored/gdb-vfile-pin-20260916/official-cli-1/runtime-tmp/hermit-rust-script-packages.7WgGeFwa/Cargo.toml
warning: profiles for the non root package will be ignored, specify profiles at the workspace root:
package:   /home/newton/work/dev-hermit/worktrees/slots/dev-hermit-gdb-vfile-pin-20260916/ignored/gdb-vfile-pin-20260916/official-cli-1/runtime-tmp/hermit-rust-script-packages.7WgGeFwa/40aa044d7d34c808/Cargo.toml
workspace: /home/newton/work/dev-hermit/worktrees/slots/dev-hermit-gdb-vfile-pin-20260916/ignored/gdb-vfile-pin-20260916/official-cli-1/runtime-tmp/hermit-rust-script-packages.7WgGeFwa/Cargo.toml
warning: profiles for the non root package will be ignored, specify profiles at the workspace root:
package:   /home/newton/work/dev-hermit/worktrees/slots/dev-hermit-gdb-vfile-pin-20260916/ignored/gdb-vfile-pin-20260916/official-cli-1/runtime-tmp/hermit-rust-script-packages.7WgGeFwa/f8017f227c95ed9a/Cargo.toml
workspace: /home/newton/work/dev-hermit/worktrees/slots/dev-hermit-gdb-vfile-pin-20260916/ignored/gdb-vfile-pin-20260916/official-cli-1/runtime-tmp/hermit-rust-script-packages.7WgGeFwa/Cargo.toml
warning: profiles for the non root package will be ignored, specify profiles at the workspace root:
package:   /home/newton/work/dev-hermit/worktrees/slots/dev-hermit-gdb-vfile-pin-20260916/ignored/gdb-vfile-pin-20260916/official-cli-1/runtime-tmp/hermit-rust-script-packages.7WgGeFwa/93265ab9957e4aba/Cargo.toml
workspace: /home/newton/work/dev-hermit/worktrees/slots/dev-hermit-gdb-vfile-pin-20260916/ignored/gdb-vfile-pin-20260916/official-cli-1/runtime-tmp/hermit-rust-script-packages.7WgGeFwa/Cargo.toml
warning: profiles for the non root package will be ignored, specify profiles at the workspace root:
package:   /home/newton/work/dev-hermit/worktrees/slots/dev-hermit-gdb-vfile-pin-20260916/ignored/gdb-vfile-pin-20260916/official-cli-1/runtime-tmp/hermit-rust-script-packages.7WgGeFwa/2952a53430d12a42/Cargo.toml
workspace: /home/newton/work/dev-hermit/worktrees/slots/dev-hermit-gdb-vfile-pin-20260916/ignored/gdb-vfile-pin-20260916/official-cli-1/runtime-tmp/hermit-rust-script-packages.7WgGeFwa/Cargo.toml
warning: profiles for the non root package will be ignored, specify profiles at the workspace root:
package:   /home/newton/work/dev-hermit/worktrees/slots/dev-hermit-gdb-vfile-pin-20260916/ignored/gdb-vfile-pin-20260916/official-cli-1/runtime-tmp/hermit-rust-script-packages.7WgGeFwa/cae18980d4930ac8/Cargo.toml
workspace: /home/newton/work/dev-hermit/worktrees/slots/dev-hermit-gdb-vfile-pin-20260916/ignored/gdb-vfile-pin-20260916/official-cli-1/runtime-tmp/hermit-rust-script-packages.7WgGeFwa/Cargo.toml
warning: profiles for the non root package will be ignored, specify profiles at the workspace root:
package:   /home/newton/work/dev-hermit/worktrees/slots/dev-hermit-gdb-vfile-pin-20260916/ignored/gdb-vfile-pin-20260916/official-cli-1/runtime-tmp/hermit-rust-script-packages.7WgGeFwa/62ac2bfb61938d72/Cargo.toml
workspace: /home/newton/work/dev-hermit/worktrees/slots/dev-hermit-gdb-vfile-pin-20260916/ignored/gdb-vfile-pin-20260916/official-cli-1/runtime-tmp/hermit-rust-script-packages.7WgGeFwa/Cargo.toml
warning: profiles for the non root package will be ignored, specify profiles at the workspace root:
package:   /home/newton/work/dev-hermit/worktrees/slots/dev-hermit-gdb-vfile-pin-20260916/ignored/gdb-vfile-pin-20260916/official-cli-1/runtime-tmp/hermit-rust-script-packages.7WgGeFwa/76d1a06784c51374/Cargo.toml
workspace: /home/newton/work/dev-hermit/worktrees/slots/dev-hermit-gdb-vfile-pin-20260916/ignored/gdb-vfile-pin-20260916/official-cli-1/runtime-tmp/hermit-rust-script-packages.7WgGeFwa/Cargo.toml
warning: profiles for the non root package will be ignored, specify profiles at the workspace root:
package:   /home/newton/work/dev-hermit/worktrees/slots/dev-hermit-gdb-vfile-pin-20260916/ignored/gdb-vfile-pin-20260916/official-cli-1/runtime-tmp/hermit-rust-script-packages.7WgGeFwa/e306610591edf591/Cargo.toml
workspace: /home/newton/work/dev-hermit/worktrees/slots/dev-hermit-gdb-vfile-pin-20260916/ignored/gdb-vfile-pin-20260916/official-cli-1/runtime-tmp/hermit-rust-script-packages.7WgGeFwa/Cargo.toml
warning: profiles for the non root package will be ignored, specify profiles at the workspace root:
package:   /home/newton/work/dev-hermit/worktrees/slots/dev-hermit-gdb-vfile-pin-20260916/ignored/gdb-vfile-pin-20260916/official-cli-1/runtime-tmp/hermit-rust-script-packages.7WgGeFwa/d409f34a1c6de4ee/Cargo.toml
workspace: /home/newton/work/dev-hermit/worktrees/slots/dev-hermit-gdb-vfile-pin-20260916/ignored/gdb-vfile-pin-20260916/official-cli-1/runtime-tmp/hermit-rust-script-packages.7WgGeFwa/Cargo.toml
warning: profiles for the non root package will be ignored, specify profiles at the workspace root:
package:   /home/newton/work/dev-hermit/worktrees/slots/dev-hermit-gdb-vfile-pin-20260916/ignored/gdb-vfile-pin-20260916/official-cli-1/runtime-tmp/hermit-rust-script-packages.7WgGeFwa/fc33cf509da19b1c/Cargo.toml
workspace: /home/newton/work/dev-hermit/worktrees/slots/dev-hermit-gdb-vfile-pin-20260916/ignored/gdb-vfile-pin-20260916/official-cli-1/runtime-tmp/hermit-rust-script-packages.7WgGeFwa/Cargo.toml
warning: profiles for the non root package will be ignored, specify profiles at the workspace root:
package:   /home/newton/work/dev-hermit/worktrees/slots/dev-hermit-gdb-vfile-pin-20260916/ignored/gdb-vfile-pin-20260916/official-cli-1/runtime-tmp/hermit-rust-script-packages.7WgGeFwa/3872522b0d01e12d/Cargo.toml
workspace: /home/newton/work/dev-hermit/worktrees/slots/dev-hermit-gdb-vfile-pin-20260916/ignored/gdb-vfile-pin-20260916/official-cli-1/runtime-tmp/hermit-rust-script-packages.7WgGeFwa/Cargo.toml
warning: profiles for the non root package will be ignored, specify profiles at the workspace root:
package:   /home/newton/work/dev-hermit/worktrees/slots/dev-hermit-gdb-vfile-pin-20260916/ignored/gdb-vfile-pin-20260916/official-cli-1/runtime-tmp/hermit-rust-script-packages.7WgGeFwa/81da3f1d442cc879/Cargo.toml
workspace: /home/newton/work/dev-hermit/worktrees/slots/dev-hermit-gdb-vfile-pin-20260916/ignored/gdb-vfile-pin-20260916/official-cli-1/runtime-tmp/hermit-rust-script-packages.7WgGeFwa/Cargo.toml
warning: profiles for the non root package will be ignored, specify profiles at the workspace root:
package:   /home/newton/work/dev-hermit/worktrees/slots/dev-hermit-gdb-vfile-pin-20260916/ignored/gdb-vfile-pin-20260916/official-cli-1/runtime-tmp/hermit-rust-script-packages.7WgGeFwa/b7908774f65bce43/Cargo.toml
workspace: /home/newton/work/dev-hermit/worktrees/slots/dev-hermit-gdb-vfile-pin-20260916/ignored/gdb-vfile-pin-20260916/official-cli-1/runtime-tmp/hermit-rust-script-packages.7WgGeFwa/Cargo.toml
warning: profiles for the non root package will be ignored, specify profiles at the workspace root:
package:   /home/newton/work/dev-hermit/worktrees/slots/dev-hermit-gdb-vfile-pin-20260916/ignored/gdb-vfile-pin-20260916/official-cli-1/runtime-tmp/hermit-rust-script-packages.7WgGeFwa/6972560c9ef2290f/Cargo.toml
workspace: /home/newton/work/dev-hermit/worktrees/slots/dev-hermit-gdb-vfile-pin-20260916/ignored/gdb-vfile-pin-20260916/official-cli-1/runtime-tmp/hermit-rust-script-packages.7WgGeFwa/Cargo.toml
   Compiling itoa v1.0.18
   Compiling memchr v2.8.3
   Compiling serde_core v1.0.229
   Compiling libc v0.2.189
   Compiling hashbrown v0.17.1
   Compiling equivalent v1.0.2
   Compiling syn v3.0.6
   Compiling zmij v1.0.23
   Compiling rustix v1.1.5
   Compiling ryu v1.0.23
   Compiling cfg-if v1.0.5
   Compiling typenum v1.20.1
   Compiling linux-raw-sys v0.12.1
   Compiling utf8parse v0.2.2
   Compiling anstyle-parse v1.0.0
   Compiling num-traits v0.2.19
   Compiling indexmap v2.14.2
   Compiling unsafe-libyaml-norway v0.2.15
   Compiling anstyle v1.0.14
   Compiling is_terminal_polyfill v1.70.2
   Compiling once_cell v1.21.4
   Compiling colorchoice v1.0.5
   Compiling anstyle-query v1.1.5
   Compiling anstream v1.0.0
   Compiling memoffset v0.9.1
   Compiling unicase v2.9.0
   Compiling unicode-width v0.2.2
   Compiling tap v1.0.1
   Compiling strsim v0.11.1
   Compiling clap_lex v1.1.1
   Compiling errno v0.3.14
   Compiling generic-array v0.14.7
   Compiling wyz v0.5.1
   Compiling signal-hook-registry v1.4.8
   Compiling radium v0.7.0
   Compiling derive_more v1.0.0
   Compiling tracing-core v0.1.36
   Compiling signal-hook v0.4.4
   Compiling funty v2.0.0
   Compiling cpufeatures v0.2.17
   Compiling winnow v0.7.15
   Compiling block-buffer v0.10.4
   Compiling crypto-common v0.1.7
   Compiling digest v0.10.7
   Compiling toml_write v0.1.2
   Compiling iana-time-zone v0.1.65
   Compiling unsafe-libyaml v0.2.11
   Compiling pin-project-lite v0.2.17
   Compiling unty v0.0.4
   Compiling tracing v0.1.44
   Compiling sha2 v0.10.9
   Compiling anyhow v1.0.104
   Compiling bitflags v2.13.2
   Compiling serde_json v1.0.151
   Compiling shell-words v1.1.1
   Compiling nix v0.30.1
   Compiling getrandom v0.4.3
   Compiling bytesize v2.7.0
   Compiling csv-core v0.1.13
   Compiling fastrand v2.5.0
   Compiling csv v1.4.0
   Compiling check-reverie-pin_f063d27954929bea8dab4ec7 v0.1.0 (/home/newton/work/dev-hermit/worktrees/slots/dev-hermit-gdb-vfile-pin-20260916/ignored/gdb-vfile-pin-20260916/official-cli-1/runtime-tmp/hermit-rust-script-packages.7WgGeFwa/93265ab9957e4aba)
   Compiling check-nested-lockfiles_8566e8dae2f79552eb2ed511 v0.1.0 (/home/newton/work/dev-hermit/worktrees/slots/dev-hermit-gdb-vfile-pin-20260916/ignored/gdb-vfile-pin-20260916/official-cli-1/runtime-tmp/hermit-rust-script-packages.7WgGeFwa/40aa044d7d34c808)
   Compiling check-exit-status-class_67db1d8e71f9624a32b580db v0.1.0 (/home/newton/work/dev-hermit/worktrees/slots/dev-hermit-gdb-vfile-pin-20260916/ignored/gdb-vfile-pin-20260916/official-cli-1/runtime-tmp/hermit-rust-script-packages.7WgGeFwa/a1bd4437bae839b6)
   Compiling serde_derive v1.0.229
   Compiling serde_repr v0.1.21
   Compiling clap_derive v4.6.7
   Compiling bisect-probe_d2b444528acfe8cfb4c74dfa v0.1.0 (/home/newton/work/dev-hermit/worktrees/slots/dev-hermit-gdb-vfile-pin-20260916/ignored/gdb-vfile-pin-20260916/official-cli-1/runtime-tmp/hermit-rust-script-packages.7WgGeFwa/344d4004465230b9)
   Compiling runner_health_5d6b9a8686b608ce9f09da9d v0.1.0 (/home/newton/work/dev-hermit/worktrees/slots/dev-hermit-gdb-vfile-pin-20260916/ignored/gdb-vfile-pin-20260916/official-cli-1/runtime-tmp/hermit-rust-script-packages.7WgGeFwa/3872522b0d01e12d)
   Compiling terminal_size v0.4.4
   Compiling clap_builder v4.6.7
   Compiling tempfile v3.27.0
   Compiling check-checker-scheduling_5165b99b2d5998523d5f81ee v0.1.0 (/home/newton/work/dev-hermit/worktrees/slots/dev-hermit-gdb-vfile-pin-20260916/ignored/gdb-vfile-pin-20260916/official-cli-1/runtime-tmp/hermit-rust-script-packages.7WgGeFwa/cd189eff27bcb3f6)
   Compiling docs-pages-contract_c958c81bd52ec825e3ed276b v0.1.0 (/home/newton/work/dev-hermit/worktrees/slots/dev-hermit-gdb-vfile-pin-20260916/ignored/gdb-vfile-pin-20260916/official-cli-1/runtime-tmp/hermit-rust-script-packages.7WgGeFwa/76d1a06784c51374)
   Compiling check-git-pin-uniformity_dd140c74607aabe79e585d7d v0.1.0 (/home/newton/work/dev-hermit/worktrees/slots/dev-hermit-gdb-vfile-pin-20260916/ignored/gdb-vfile-pin-20260916/official-cli-1/runtime-tmp/hermit-rust-script-packages.7WgGeFwa/6b330abf7c0ddfd4)
   Compiling check-record-version-floor_b07408d97b2d867ad66160a4 v0.1.0 (/home/newton/work/dev-hermit/worktrees/slots/dev-hermit-gdb-vfile-pin-20260916/ignored/gdb-vfile-pin-20260916/official-cli-1/runtime-tmp/hermit-rust-script-packages.7WgGeFwa/f8017f227c95ed9a)
   Compiling check-github-actions-triggers_465c98ff1e10e638d45eafa8 v0.1.0 (/home/newton/work/dev-hermit/worktrees/slots/dev-hermit-gdb-vfile-pin-20260916/ignored/gdb-vfile-pin-20260916/official-cli-1/runtime-tmp/hermit-rust-script-packages.7WgGeFwa/55ba5f117f6432d6)
   Compiling serde v1.0.229
   Compiling serde_norway v0.9.42
   Compiling syscalls v0.6.18
   Compiling toml_datetime v0.6.11
   Compiling serde_spanned v0.6.9
   Compiling chrono v0.4.45
   Compiling serde_yaml v0.9.34+deprecated
   Compiling bitvec v1.1.1
   Compiling toml_edit v0.22.27
   Compiling clap v4.6.7
   Compiling bincode v2.0.1
   Compiling reverie-memory v0.2.0 (https://github.com/rrnewton/reverie.git?rev=d87a03a312421d34dee81dae71aa395b40231e63#d87a03a3)
   Compiling reverie-syscalls v0.2.0 (https://github.com/rrnewton/reverie.git?rev=d87a03a312421d34dee81dae71aa395b40231e63#d87a03a3)
   Compiling dagrun v0.15.0 (/home/newton/work/dev-hermit/worktrees/slots/dev-hermit-gdb-vfile-pin-20260916/agent-utils/rs/dagrun)
   Compiling hermit-code-coverage_45f087d1094c4c522a58ab17 v0.1.0 (/home/newton/work/dev-hermit/worktrees/slots/dev-hermit-gdb-vfile-pin-20260916/ignored/gdb-vfile-pin-20260916/official-cli-1/runtime-tmp/hermit-rust-script-packages.7WgGeFwa/e306610591edf591)
   Compiling toml v0.8.23
   Compiling manifest-to-commands_688e7ac55122198c85d6a45a v0.1.0 (/home/newton/work/dev-hermit/worktrees/slots/dev-hermit-gdb-vfile-pin-20260916/ignored/gdb-vfile-pin-20260916/official-cli-1/runtime-tmp/hermit-rust-script-packages.7WgGeFwa/fc33cf509da19b1c)
   Compiling nextest-timeout-config_7cbcbbbf4f525c447fda0f44 v0.1.0 (/home/newton/work/dev-hermit/worktrees/slots/dev-hermit-gdb-vfile-pin-20260916/ignored/gdb-vfile-pin-20260916/official-cli-1/runtime-tmp/hermit-rust-script-packages.7WgGeFwa/2162d8a3b81d996d)
   Compiling detcore-model v0.2.0 (/home/newton/work/dev-hermit/worktrees/slots/dev-hermit-gdb-vfile-pin-20260916/detcore-model)
   Compiling hermit-manifest-plan v0.2.0 (/home/newton/work/dev-hermit/worktrees/slots/dev-hermit-gdb-vfile-pin-20260916/ci/manifest-plan)
   Compiling structured-test-results_b483cd2a9aec723cc083efcb v0.1.0 (/home/newton/work/dev-hermit/worktrees/slots/dev-hermit-gdb-vfile-pin-20260916/ignored/gdb-vfile-pin-20260916/official-cli-1/runtime-tmp/hermit-rust-script-packages.7WgGeFwa/dbfbd1f3870f1cf4)
   Compiling nextest-test-results_5051903d76063ea36056888c v0.1.0 (/home/newton/work/dev-hermit/worktrees/slots/dev-hermit-gdb-vfile-pin-20260916/ignored/gdb-vfile-pin-20260916/official-cli-1/runtime-tmp/hermit-rust-script-packages.7WgGeFwa/59ea0555bb7bb866)
   Compiling pressure-test_b4b5310e07bdddd1920b76e5 v0.1.0 (/home/newton/work/dev-hermit/worktrees/slots/dev-hermit-gdb-vfile-pin-20260916/ignored/gdb-vfile-pin-20260916/official-cli-1/runtime-tmp/hermit-rust-script-packages.7WgGeFwa/5f829a04c0a8df85)
   Compiling validate_244e3fe7b9f248471d830868 v0.1.0 (/home/newton/work/dev-hermit/worktrees/slots/dev-hermit-gdb-vfile-pin-20260916/ignored/gdb-vfile-pin-20260916/official-cli-1/runtime-tmp/hermit-rust-script-packages.7WgGeFwa/b7908774f65bce43)
    Finished `test` profile [unoptimized + debuginfo] target(s) in 21.36s
prepare-rust-scripts: built 28 entrypoints and 17 test harnesses in /home/newton/work/dev-hermit/worktrees/slots/dev-hermit-gdb-vfile-pin-20260916/target/ci/rust-scripts
