dns github.com: refused (gaierror)
dns crates.io: refused (gaierror)
dns static.crates.io: refused (gaierror)
assert-no-network: route-table: no route (0 non-loopback routes, 0 non-loopback interfaces)
assert-no-network: dns github.com: refused
assert-no-network: dns crates.io: refused
assert-no-network: dns static.crates.io: refused
assert-no-network: tcp 1.1.1.1:443: refused
assert-no-network: tcp 8.8.8.8:53: refused
assert-no-network: OK -- no route, no DNS, no raw TCP. This environment is isolated.
assert-build-dependencies: OK -- 18/18 executable build dependencies are present.
assert-build-dependencies: OK -- 4/4 native libraries and development headers are present.
assert-build-dependencies: OK -- 87/87 absolute guest paths are executable files.
Pin read from checkout HEAD 932f7130ea3c77dcdb2547b6834f46f08bf593f0.
Scope: 21 tracked Cargo metadata file(s) PLUS tracked submodule gitlinks; 5 git dependency/ies pinned. Untracked, generated and vendored copies are EXCLUDED by design.
  OK    https://github.com/facebookexperimental/rust-shed  4 entries @ 84a82026bc1d
  FLOAT https://github.com/facebookexperimental/rust-shed  tracked by branch=main -- KNOWN EXCEPTION: branch=main since before 2026-08-24; the manifests are autocargo-generated from Meta's internal Buck targets, so pinning it is an owner decision rather than a hand edit. Only the lockfile records what was built (84a82026 at time of writing). Filed separately.
  OK    https://github.com/rr-debugger/rr  1 entry @ 39e5c18e7e43
  OK    https://github.com/rrnewton/agent-utils  1 entry @ 2781b1054efc
  OK    https://github.com/rrnewton/liteinst2  2 entries @ 95ee5e6917fa
  OK    https://github.com/rrnewton/reverie  46 entries @ d87a03a31242
check-git-pin-uniformity.rs: OK -- every REVISION-PINNED git dependency is pinned at exactly one revision
  ⚠️ 1 dependency/ies are NOT PINNED AT ALL and were excluded from that statement, by approved exception: https://github.com/facebookexperimental/rust-shed
  A BRANCH IS NOT A PIN -- it moves under you. Uniformity cannot be asserted over a dependency that names one.
   Compiling proc-macro2 v1.0.107
   Compiling unicode-ident v1.0.24
   Compiling quote v1.0.47
   Compiling syn v2.0.119
   Compiling serde_core v1.0.229
   Compiling zmij v1.0.23
   Compiling scroll_derive v0.13.1
   Compiling serde_json v1.0.151
   Compiling scroll v0.13.0
   Compiling itoa v1.0.18
   Compiling plain v0.2.3
   Compiling memchr v2.8.3
   Compiling log v0.4.33
   Compiling goblin v0.10.7
   Compiling hermit-liteinst-runtime-build v0.2.0 (/src/liteinst-runtime-build)
    Finished `release` profile [optimized] target(s) in 3m 23s
