   Compiling unicode-ident v1.0.24
   Compiling quote v1.0.47
   Compiling libc v0.2.189
   Compiling serde_core v1.0.229
   Compiling proc-macro2 v1.0.107
   Compiling serde v1.0.229
   Compiling autocfg v1.5.1
   Compiling cfg_aliases v0.2.2
   Compiling syscalls v0.6.18
   Compiling syn v3.0.3
   Compiling syn v2.0.119
   Compiling memoffset v0.9.1
   Compiling unicode-segmentation v1.13.3
   Compiling nix v0.30.1
    Checking bitflags v2.13.1
   Compiling virtue v0.0.18
   Compiling convert_case v0.6.0
   Compiling unicode-xid v0.2.6
   Compiling paste v1.0.15
   Compiling anyhow v1.0.104
   Compiling bincode_derive v2.0.1
   Compiling version_check v0.9.5
   Compiling num-traits v0.2.19
   Compiling generic-array v0.14.7
   Compiling zmij v1.0.23
    Checking errno v0.3.14
    Checking rustix v1.1.4
    Checking signal-hook-registry v1.4.8
   Compiling serde_derive v1.0.229
   Compiling serde_repr v0.1.21
   Compiling derive_more-impl v1.0.0
   Compiling tracing-attributes v0.1.31
   Compiling serde_json v1.0.151
    Checking chrono v0.4.45
    Checking bincode v2.0.1
    Checking reverie-memory v0.2.0 (https://github.com/rrnewton/reverie.git?rev=d87a03a312421d34dee81dae71aa395b40231e63#d87a03a3)
    Checking tracing v0.1.44
   Compiling futures-macro v0.3.33
   Compiling tokio-macros v2.7.1
   Compiling radium v0.7.0
    Checking terminal_size v0.4.4
   Compiling thiserror-impl v2.0.19
   Compiling heck v0.5.0
    Checking clap_builder v4.6.2
   Compiling clap_derive v4.6.4
    Checking derive_more v1.0.0
    Checking reverie-syscalls v0.2.0 (https://github.com/rrnewton/reverie.git?rev=d87a03a312421d34dee81dae71aa395b40231e63#d87a03a3)
    Checking bitvec v1.1.1
    Checking block-buffer v0.10.4
    Checking crypto-common v0.1.7
    Checking digest v0.10.7
    Checking clap v4.6.4
    Checking sha2 v0.10.9
    Checking parking_lot_core v0.9.12
   Compiling async-trait v0.1.91
    Checking parking_lot v0.12.5
    Checking bytes v1.12.1
    Checking mio v1.2.2
    Checking socket2 v0.6.5
    Checking futures-util v0.3.33
    Checking tokio v1.53.1
    Checking thiserror v2.0.19
    Checking memmap2 v0.9.11
    Checking procfs-core v0.18.0
    Checking detcore-model v0.2.0 (/home/newton/work/dev-hermit/worktrees/slots/dev-hermit-gdb-vfile-pin-20260916/detcore-model)
    Checking addr2line v0.26.1
    Checking linked-hash-map v0.5.6
    Checking getrandom v0.4.3
    Checking futures-executor v0.3.33
    Checking rand v0.10.2
    Checking futures v0.3.33
    Checking tempfile v3.27.0
    Checking procfs v0.18.0
    Checking rand_pcg v0.10.2
    Checking close-err v1.0.2
   Compiling scroll_derive v0.13.1
    Checking rand_distr v0.6.0
    Checking time v0.3.54
    Checking tracing-serde v0.2.0
   Compiling foreign-types-macros v0.2.3
    Checking scroll v0.13.0
    Checking goblin v0.10.7
    Checking foreign-types v0.5.0
    Checking unwind-sys v0.1.4
    Checking perf-event-open-sys v5.0.0
    Checking unwind v0.4.2
    Checking reverie-process v0.2.0 (https://github.com/rrnewton/reverie.git?rev=d87a03a312421d34dee81dae71aa395b40231e63#d87a03a3)
    Checking tokio-util v0.7.19
    Checking tokio-stream v0.1.19
    Checking reverie-core v0.2.0 (https://github.com/rrnewton/reverie.git?rev=d87a03a312421d34dee81dae71aa395b40231e63#d87a03a3)
    Checking safeptrace v0.2.0 (https://github.com/rrnewton/reverie.git?rev=d87a03a312421d34dee81dae71aa395b40231e63#d87a03a3)
    Checking tracing-subscriber v0.3.23
    Checking hermit-test-workdir v0.2.0 (/home/newton/work/dev-hermit/worktrees/slots/dev-hermit-gdb-vfile-pin-20260916/common/test-workdir)
    Checking quickcheck v1.1.0
    Checking hermit-detcore v0.2.0 (/home/newton/work/dev-hermit/worktrees/slots/dev-hermit-gdb-vfile-pin-20260916/detcore)
    Checking reverie-rpc-transport v0.2.0 (https://github.com/rrnewton/reverie.git?rev=d87a03a312421d34dee81dae71aa395b40231e63#d87a03a3)
    Checking reverie-preload v0.2.0 (https://github.com/rrnewton/reverie.git?rev=d87a03a312421d34dee81dae71aa395b40231e63#d87a03a3)
   Compiling fbinit_macros v0.2.0 (https://github.com/facebookexperimental/rust-shed.git?branch=main#84a82026)
   Compiling nix v0.31.3
    Checking fbinit v0.2.0 (https://github.com/facebookexperimental/rust-shed.git?branch=main#84a82026)
    Checking vmm-sys-util v0.15.0
    Checking reverie-ptrace v0.2.0 (https://github.com/rrnewton/reverie.git?rev=d87a03a312421d34dee81dae71aa395b40231e63#d87a03a3)
    Checking kvm-bindings v0.14.1
    Checking dirs-sys v0.5.0
    Checking kvm-ioctls v0.25.0
    Checking liteinst2 v0.1.0 (https://github.com/rrnewton/liteinst2?rev=95ee5e6917fa33191eb41c3f1606ea8b03c1b78c#95ee5e69)
   Compiling hermit v0.2.0 (/home/newton/work/dev-hermit/worktrees/slots/dev-hermit-gdb-vfile-pin-20260916/hermit-cli)
    Checking tracing-appender v0.2.5
    Checking uuid v1.24.0
    Checking reverie-kvm v0.2.0 (https://github.com/rrnewton/reverie.git?rev=d87a03a312421d34dee81dae71aa395b40231e63#d87a03a3)
    Checking dirs v6.0.0
    Checking num_cpus v1.17.0
   Compiling signal-hook v0.4.4
    Checking serde_norway v0.9.42
    Checking reverie-liteinst v0.2.0 (https://github.com/rrnewton/reverie.git?rev=d87a03a312421d34dee81dae71aa395b40231e63#d87a03a3)
    Checking serde_yaml v0.9.34+deprecated
    Checking dagrun v0.15.0 (/home/newton/work/dev-hermit/worktrees/slots/dev-hermit-gdb-vfile-pin-20260916/agent-utils/rs/dagrun)
    Checking toml_datetime v0.6.11
    Checking hermit-manifest-plan v0.2.0 (/home/newton/work/dev-hermit/worktrees/slots/dev-hermit-gdb-vfile-pin-20260916/ci/manifest-plan)
    Checking serde_spanned v0.6.9
    Checking toml_edit v0.22.27
    Checking toml v0.8.23
   Compiling reverie-dbt v0.2.0 (https://github.com/rrnewton/reverie.git?rev=d87a03a312421d34dee81dae71aa395b40231e63#d87a03a3)
   Compiling syn v1.0.109
    Checking test-allocator v0.2.0 (/home/newton/work/dev-hermit/worktrees/slots/dev-hermit-gdb-vfile-pin-20260916/common/test-allocator)
   Compiling darling_core v0.14.4
   Compiling darling_macro v0.14.4
   Compiling test-case-core v3.3.1
   Compiling test-case-macros v3.3.1
   Compiling darling v0.14.4
   Compiling heck v0.3.3
    Checking test-case v3.3.1
    Checking detcore-testutils v0.2.0 (/home/newton/work/dev-hermit/worktrees/slots/dev-hermit-gdb-vfile-pin-20260916/detcore/tests/testutils)
   Compiling reverie-rpc-macros v0.2.0 (https://github.com/rrnewton/reverie.git?rev=d87a03a312421d34dee81dae71aa395b40231e63#d87a03a3)
    Checking bincode v1.3.3
   Compiling reverie-sabre-macros v0.2.0 (https://github.com/rrnewton/reverie.git?rev=d87a03a312421d34dee81dae71aa395b40231e63#d87a03a3)
    Checking reverie-rpc v0.2.0 (https://github.com/rrnewton/reverie.git?rev=d87a03a312421d34dee81dae71aa395b40231e63#d87a03a3)
    Checking reverie-sabre-stats v0.2.0 (https://github.com/rrnewton/reverie.git?rev=d87a03a312421d34dee81dae71aa395b40231e63#d87a03a3)
    Checking nostd-print v0.2.0 (https://github.com/rrnewton/reverie.git?rev=d87a03a312421d34dee81dae71aa395b40231e63#d87a03a3)
    Checking hermit-verify v0.2.0 (/home/newton/work/dev-hermit/worktrees/slots/dev-hermit-gdb-vfile-pin-20260916/hermit-verify)
    Checking reverie-sabre v0.2.0 (https://github.com/rrnewton/reverie.git?rev=d87a03a312421d34dee81dae71aa395b40231e63#d87a03a3)
    Checking detcore-sabre v0.2.0 (/home/newton/work/dev-hermit/worktrees/slots/dev-hermit-gdb-vfile-pin-20260916/detcore-sabre)
    Checking detcore-dbt v0.2.0 (/home/newton/work/dev-hermit/worktrees/slots/dev-hermit-gdb-vfile-pin-20260916/detcore-dbt)
   Compiling hermit-install v0.2.0 (/home/newton/work/dev-hermit/worktrees/slots/dev-hermit-gdb-vfile-pin-20260916/hermit-install)
    Checking hermetic_infra_hermit_tests v0.2.0 (/home/newton/work/dev-hermit/worktrees/slots/dev-hermit-gdb-vfile-pin-20260916/tests)
    Finished `dev` profile [unoptimized + debuginfo] target(s) in 38.74s
