   Compiling proc-macro2 v1.0.107
   Compiling unicode-ident v1.0.24
   Compiling quote v1.0.47
   Compiling libc v0.2.189
   Compiling serde_core v1.0.229
   Compiling cfg-if v1.0.4
   Compiling serde v1.0.229
   Compiling memchr v2.8.3
   Compiling autocfg v1.5.1
   Compiling pin-project-lite v0.2.17
   Compiling cfg_aliases v0.2.2
   Compiling libm v0.2.16
   Compiling parking_lot_core v0.9.12
   Compiling smallvec v1.15.2
   Compiling scopeguard v1.2.0
   Compiling futures-core v0.3.33
   Compiling lazy_static v1.5.0
   Compiling futures-sink v0.3.33
   Compiling rustix v1.1.4
   Compiling lock_api v0.4.14
   Compiling crc32fast v1.5.0
   Compiling linux-raw-sys v0.12.1
   Compiling syscalls v0.6.18
   Compiling nix v0.30.1
   Compiling adler2 v2.0.1
   Compiling simd-adler32 v0.3.10
   Compiling iana-time-zone v0.1.65
   Compiling futures-channel v0.3.33
   Compiling slab v0.4.12
   Compiling regex-syntax v0.8.11
   Compiling num-traits v0.2.19
   Compiling memoffset v0.9.1
   Compiling miniz_oxide v0.8.9
   Compiling thiserror v2.0.19
   Compiling futures v0.1.31
   Compiling futures-task v0.3.33
   Compiling futures-io v0.3.33
   Compiling unicode-segmentation v1.13.3
   Compiling paste v1.0.15
   Compiling aho-corasick v1.1.4
   Compiling once_cell v1.21.4
   Compiling log v0.4.33
   Compiling bitflags v1.3.2
   Compiling rand_core v0.10.1
   Compiling virtue v0.0.18
   Compiling unicode-xid v0.2.6
   Compiling static_assertions v1.1.0
   Compiling getrandom v0.4.3
   Compiling object v0.39.1
   Compiling unty v0.0.4
   Compiling convert_case v0.6.0
   Compiling flate2 v1.1.9
   Compiling cpp_demangle v0.5.1
   Compiling twox-hash v2.1.3
   Compiling syn v3.0.3
   Compiling syn v2.0.119
   Compiling anyhow v1.0.104
   Compiling ruzstd v0.8.3
   Compiling twox-hash v1.6.3
   Compiling bincode_derive v2.0.1
   Compiling tracing-core v0.1.36
   Compiling colored v2.2.0
   Compiling object v0.36.7
   Compiling procfs v0.18.0
   Compiling typed-arena v2.0.2
   Compiling equivalent v1.0.2
   Compiling hex v0.4.3
   Compiling zmij v1.0.23
   Compiling hashbrown v0.17.1
   Compiling errno v0.3.14
   Compiling mio v1.2.2
   Compiling signal-hook-registry v1.4.8
   Compiling parking_lot v0.12.5
   Compiling socket2 v0.6.5
   Compiling memmap2 v0.9.11
   Compiling foldhash v0.1.5
   Compiling hashbrown v0.15.5
   Compiling ruzstd v0.7.3
   Compiling regex-automata v0.4.16
   Compiling indexmap v2.14.0
   Compiling fallible-iterator v0.3.0
   Compiling bitflags v2.13.1
   Compiling gimli v0.33.0
   Compiling version_check v0.9.5
   Compiling serde_json v1.0.151
   Compiling rustc-demangle v0.1.28
   Compiling generic-array v0.14.7
   Compiling raw-cpuid v10.7.0
   Compiling byteorder v1.5.0
   Compiling itoa v1.0.18
   Compiling never-say-never v6.6.666
   Compiling pkg-config v0.3.33
   Compiling unwind-sys v0.1.4
   Compiling typenum v1.20.1
   Compiling cpufeatures v0.3.0
   Compiling utf8parse v0.2.2
   Compiling anstyle-parse v1.0.0
   Compiling serde_derive v1.0.229
   Compiling serde_repr v0.1.21
   Compiling thiserror-impl v2.0.19
   Compiling async-trait v0.1.91
   Compiling chacha20 v0.10.1
   Compiling unicode-width v0.2.2
   Compiling is_terminal_polyfill v1.70.2
   Compiling anstyle-query v1.1.5
   Compiling powerfmt v0.2.0
   Compiling num-conv v0.2.2
   Compiling time-core v0.1.9
   Compiling radium v0.7.0
   Compiling tokio-macros v2.7.1
   Compiling futures-macro v0.3.33
   Compiling derive_more-impl v1.0.0
   Compiling tracing-attributes v0.1.31
   Compiling regex v1.13.1
   Compiling addr2line v0.26.1
   Compiling futures-util v0.3.33
   Compiling scroll_derive v0.13.1
   Compiling tracing v0.1.44
   Compiling deranged v0.5.8
   Compiling num_threads v0.1.7
   Compiling colorchoice v1.0.5
   Compiling anstyle v1.0.14
   Compiling scroll v0.13.0
   Compiling anstream v1.0.0
   Compiling terminal_size v0.4.4
   Compiling matchers v0.2.0
   Compiling foreign-types-macros v0.2.3
   Compiling rand v0.10.2
   Compiling tracing-log v0.2.0
   Compiling bytes v1.12.1
   Compiling chrono v0.4.45
   Compiling bincode v2.0.1
   Compiling linked-hash-map v0.5.6
   Compiling time v0.3.54
   Compiling tracing-serde v0.2.0
   Compiling sharded-slab v0.1.7
   Compiling tokio v1.53.1
   Compiling nix v0.31.3
   Compiling reverie-memory v0.2.0 (https://github.com/rrnewton/reverie.git?rev=dd3c178ea9553004d7bf4c494e1b7fd80e7b6ae6#dd3c178e)
   Compiling thread_local v1.1.10
   Compiling nu-ansi-term v0.50.3
   Compiling tap v1.0.1
   Compiling crossbeam-utils v0.8.22
   Compiling strsim v0.11.1
   Compiling plain v0.2.3
   Compiling heck v0.5.0
   Compiling foreign-types-shared v0.3.1
   Compiling unwind v0.4.2
   Compiling clap_lex v1.1.0
   Compiling unicase v2.9.0
   Compiling foreign-types v0.5.0
   Compiling clap_derive v4.6.4
   Compiling goblin v0.10.7
   Compiling wyz v0.5.1
   Compiling futures-executor v0.3.33
   Compiling procfs-core v0.18.0
   Compiling clap_builder v4.6.2
   Compiling futures v0.3.33
   Compiling env_filter v2.0.0
   Compiling block-buffer v0.10.4
   Compiling derive_more v1.0.0
   Compiling crypto-common v0.1.7
   Compiling vmm-sys-util v0.15.0
   Compiling reverie-syscalls v0.2.0 (https://github.com/rrnewton/reverie.git?rev=dd3c178ea9553004d7bf4c494e1b7fd80e7b6ae6#dd3c178e)
   Compiling iced-x86 v1.21.0
   Compiling fastrand v2.5.0
   Compiling funty v2.0.0
   Compiling kvm-ioctls v0.25.0
   Compiling bitvec v1.1.1
   Compiling kvm-bindings v0.14.1
   Compiling tracing-subscriber v0.3.23
   Compiling tempfile v3.27.0
   Compiling digest v0.10.7
   Compiling env_logger v0.11.11
   Compiling clap v4.6.4
   Compiling perf-event-open-sys v5.0.0
   Compiling close-err v1.0.2
   Compiling cpufeatures v0.2.17
   Compiling bytesize v2.4.2
   Compiling yansi v1.0.1
   Compiling diff v0.1.13
   Compiling bytemuck v1.25.2
   Compiling shell-words v1.1.1
   Compiling arrayvec v0.5.2
   Compiling option-ext v0.2.0
   Compiling dirs-sys v0.5.0
   Compiling atomic v0.6.1
   Compiling pretty v0.12.5
   Compiling pretty_assertions v1.4.1
   Compiling crossbeam-channel v0.5.16
   Compiling sha2 v0.10.9
   Compiling quickcheck v1.1.0
   Compiling rand_distr v0.6.0
   Compiling rand_pcg v0.10.2
   Compiling fbinit_macros v0.2.0 (https://github.com/facebookexperimental/rust-shed.git?branch=main#84a82026)
   Compiling reverie-process v0.2.0 (https://github.com/rrnewton/reverie.git?rev=dd3c178ea9553004d7bf4c494e1b7fd80e7b6ae6#dd3c178e)
   Compiling tokio-util v0.7.19
   Compiling symlink v0.1.0
   Compiling hermit v0.2.0 (/home/newton/working_copies/dev-hermit/worktrees/nix-repro176/hermit/hermit-cli)
   Compiling sha1_smol v1.0.1
   Compiling tokio-stream v0.1.19
   Compiling uuid v1.24.0
   Compiling tracing-appender v0.2.5
   Compiling fbinit v0.2.0 (https://github.com/facebookexperimental/rust-shed.git?branch=main#84a82026)
   Compiling dirs v6.0.0
   Compiling detcore-model v0.2.0 (/home/newton/working_copies/dev-hermit/worktrees/nix-repro176/hermit/detcore-model)
   Compiling reverie-core v0.2.0 (https://github.com/rrnewton/reverie.git?rev=dd3c178ea9553004d7bf4c494e1b7fd80e7b6ae6#dd3c178e)
   Compiling safeptrace v0.2.0 (https://github.com/rrnewton/reverie.git?rev=dd3c178ea9553004d7bf4c494e1b7fd80e7b6ae6#dd3c178e)
   Compiling num_cpus v1.17.0
   Compiling reverie-rpc-transport v0.2.0 (https://github.com/rrnewton/reverie.git?rev=dd3c178ea9553004d7bf4c494e1b7fd80e7b6ae6#dd3c178e)
   Compiling reverie-kvm v0.2.0 (https://github.com/rrnewton/reverie.git?rev=dd3c178ea9553004d7bf4c494e1b7fd80e7b6ae6#dd3c178e)
   Compiling hermit-resources v0.2.0 (/home/newton/working_copies/dev-hermit/worktrees/nix-repro176/hermit/hermit-resources)
   Compiling hermit-detcore v0.2.0 (/home/newton/working_copies/dev-hermit/worktrees/nix-repro176/hermit/detcore)
   Compiling reverie-preload v0.2.0 (https://github.com/rrnewton/reverie.git?rev=dd3c178ea9553004d7bf4c494e1b7fd80e7b6ae6#dd3c178e)
   Compiling liteinst2 v0.1.0 (https://github.com/rrnewton/liteinst2?rev=95ee5e6917fa33191eb41c3f1606ea8b03c1b78c#95ee5e69)
   Compiling reverie-ptrace v0.2.0 (https://github.com/rrnewton/reverie.git?rev=dd3c178ea9553004d7bf4c494e1b7fd80e7b6ae6#dd3c178e)
   Compiling reverie-liteinst v0.2.0 (https://github.com/rrnewton/reverie.git?rev=dd3c178ea9553004d7bf4c494e1b7fd80e7b6ae6#dd3c178e)
    Finished `release` profile [optimized] target(s) in 1m 11s
