   Compiling proc-macro2 v1.0.107
   Compiling unicode-ident v1.0.24
   Compiling quote v1.0.47
   Compiling libc v0.2.189
   Compiling serde_core v1.0.229
   Compiling serde v1.0.229
   Compiling autocfg v1.5.1
    Checking cfg-if v1.0.4
   Compiling syn v3.0.3
   Compiling syn v2.0.119
    Checking memchr v2.8.3
   Compiling cfg_aliases v0.2.2
   Compiling syscalls v0.6.18
   Compiling memoffset v0.9.1
   Compiling unicode-segmentation v1.13.3
   Compiling nix v0.30.1
    Checking bitflags v2.13.1
   Compiling virtue v0.0.18
   Compiling convert_case v0.6.0
   Compiling unicode-xid v0.2.6
    Checking pin-project-lite v0.2.17
   Compiling paste v1.0.15
   Compiling bincode_derive v2.0.1
   Compiling anyhow v1.0.104
   Compiling version_check v0.9.5
   Compiling libm v0.2.16
   Compiling generic-array v0.14.7
   Compiling num-traits v0.2.19
   Compiling rustix v1.1.4
   Compiling zmij v1.0.23
   Compiling serde_derive v1.0.229
   Compiling serde_repr v0.1.21
    Checking errno v0.3.14
    Checking linux-raw-sys v0.12.1
    Checking signal-hook-registry v1.4.8
    Checking iana-time-zone v0.1.65
    Checking hashbrown v0.17.1
    Checking equivalent v1.0.2
    Checking indexmap v2.14.0
   Compiling derive_more-impl v1.0.0
    Checking chrono v0.4.45
   Compiling tracing-attributes v0.1.31
    Checking unty v0.0.4
    Checking bincode v2.0.1
    Checking reverie-memory v0.2.0 (https://github.com/rrnewton/reverie.git?rev=d87a03a312421d34dee81dae71aa395b40231e63#d87a03a3)
   Compiling parking_lot_core v0.9.12
    Checking once_cell v1.21.4
    Checking itoa v1.0.18
   Compiling crc32fast v1.5.0
    Checking tracing-core v0.1.36
    Checking derive_more v1.0.0
   Compiling serde_json v1.0.151
    Checking reverie-syscalls v0.2.0 (https://github.com/rrnewton/reverie.git?rev=d87a03a312421d34dee81dae71aa395b40231e63#d87a03a3)
   Compiling futures-macro v0.3.33
    Checking tracing v0.1.44
    Checking utf8parse v0.2.2
    Checking anstyle-parse v1.0.0
   Compiling tokio-macros v2.7.1
    Checking colorchoice v1.0.5
   Compiling thiserror v2.0.19
    Checking typenum v1.20.1
    Checking anstyle v1.0.14
    Checking is_terminal_polyfill v1.70.2
   Compiling radium v0.7.0
    Checking unicode-width v0.2.2
    Checking anstyle-query v1.1.5
    Checking anstream v1.0.0
    Checking terminal_size v0.4.4
   Compiling thiserror-impl v2.0.19
    Checking unicase v2.9.0
    Checking clap_lex v1.1.0
   Compiling heck v0.5.0
    Checking strsim v0.11.1
    Checking tap v1.0.1
    Checking wyz v0.5.1
    Checking clap_builder v4.6.2
   Compiling clap_derive v4.6.4
    Checking funty v2.0.0
   Compiling object v0.39.1
   Compiling cpp_demangle v0.5.1
    Checking bitvec v1.1.1
    Checking crypto-common v0.1.7
    Checking block-buffer v0.10.4
    Checking shell-words v1.1.1
    Checking bytesize v2.4.2
    Checking digest v0.10.7
   Compiling procfs v0.18.0
   Compiling object v0.36.7
    Checking cpufeatures v0.2.17
    Checking clap v4.6.4
    Checking smallvec v1.15.2
    Checking sha2 v0.10.9
    Checking scopeguard v1.2.0
    Checking lock_api v0.4.14
   Compiling async-trait v0.1.91
    Checking futures-core v0.3.33
    Checking futures-sink v0.3.33
    Checking lazy_static v1.5.0
    Checking parking_lot v0.12.5
    Checking simd-adler32 v0.3.10
    Checking adler2 v2.0.1
    Checking futures-channel v0.3.33
    Checking miniz_oxide v0.8.9
    Checking bytes v1.12.1
    Checking socket2 v0.6.5
    Checking mio v1.2.2
    Checking slab v0.4.12
    Checking futures-task v0.3.33
    Checking futures v0.1.31
    Checking futures-io v0.3.33
    Checking tokio v1.53.1
    Checking flate2 v1.1.9
    Checking bitflags v1.3.2
    Checking detcore-model v0.2.0 (/home/newton/work/dev-hermit/worktrees/slots/dev-hermit-gdb-vfile-pin-20260916/detcore-model)
    Checking static_assertions v1.1.0
    Checking twox-hash v2.1.3
    Checking ruzstd v0.8.3
    Checking futures-util v0.3.33
    Checking twox-hash v1.6.3
    Checking colored v2.2.0
    Checking aho-corasick v1.1.4
    Checking memmap2 v0.9.11
    Checking typed-arena v2.0.2
    Checking byteorder v1.5.0
    Checking regex-syntax v0.8.11
    Checking rand_core v0.10.1
    Checking foldhash v0.1.5
    Checking hex v0.4.3
    Checking procfs-core v0.18.0
    Checking futures-executor v0.3.33
    Checking futures v0.3.33
    Checking hashbrown v0.15.5
    Checking regex-automata v0.4.16
    Checking ruzstd v0.7.3
    Checking reverie-process v0.2.0 (https://github.com/rrnewton/reverie.git?rev=d87a03a312421d34dee81dae71aa395b40231e63#d87a03a3)
    Checking gimli v0.33.0
    Checking rustc-demangle v0.1.28
    Checking fallible-iterator v0.3.0
   Compiling getrandom v0.4.3
    Checking raw-cpuid v10.7.0
    Checking linked-hash-map v0.5.6
    Checking never-say-never v6.6.666
    Checking cpufeatures v0.3.0
    Checking chacha20 v0.10.1
    Checking regex v1.13.1
    Checking rand v0.10.2
    Checking addr2line v0.26.1
    Checking fastrand v2.5.0
    Checking tempfile v3.27.0
    Checking diff v0.1.13
    Checking yansi v1.0.1
    Checking arrayvec v0.5.2
    Checking rand_distr v0.6.0
    Checking pretty_assertions v1.4.1
    Checking pretty v0.12.5
    Checking rand_pcg v0.10.2
    Checking close-err v1.0.2
    Checking log v0.4.33
   Compiling pkg-config v0.3.33
   Compiling scroll_derive v0.13.1
    Checking num_threads v0.1.7
    Checking num-conv v0.2.2
    Checking time-core v0.1.9
    Checking deranged v0.5.8
   Compiling unwind-sys v0.1.4
    Checking powerfmt v0.2.0
    Checking scroll v0.13.0
    Checking tracing-log v0.2.0
    Checking matchers v0.2.0
    Checking sharded-slab v0.1.7
    Checking tracing-serde v0.2.0
   Compiling foreign-types-macros v0.2.3
    Checking time v0.3.54
    Checking thread_local v1.1.10
    Checking nu-ansi-term v0.50.3
    Checking reverie-core v0.2.0 (https://github.com/rrnewton/reverie.git?rev=d87a03a312421d34dee81dae71aa395b40231e63#d87a03a3)
   Compiling unwind v0.4.2
    Checking foreign-types-shared v0.3.1
    Checking plain v0.2.3
    Checking foreign-types v0.5.0
    Checking goblin v0.10.7
    Checking tokio-util v0.7.19
    Checking iced-x86 v1.21.0
    Checking hermit-detcore v0.2.0 (/home/newton/work/dev-hermit/worktrees/slots/dev-hermit-gdb-vfile-pin-20260916/detcore)
    Checking tracing-subscriber v0.3.23
    Checking perf-event-open-sys v5.0.0
    Checking tokio-stream v0.1.19
    Checking safeptrace v0.2.0 (https://github.com/rrnewton/reverie.git?rev=d87a03a312421d34dee81dae71aa395b40231e63#d87a03a3)
    Checking hermit-test-workdir v0.2.0 (/home/newton/work/dev-hermit/worktrees/slots/dev-hermit-gdb-vfile-pin-20260916/common/test-workdir)
    Checking reverie-rpc-transport v0.2.0 (https://github.com/rrnewton/reverie.git?rev=d87a03a312421d34dee81dae71aa395b40231e63#d87a03a3)
    Checking env_filter v2.0.0
    Checking env_logger v0.11.11
    Checking reverie-preload v0.2.0 (https://github.com/rrnewton/reverie.git?rev=d87a03a312421d34dee81dae71aa395b40231e63#d87a03a3)
    Checking quickcheck v1.1.0
   Compiling fbinit_macros v0.2.0 (https://github.com/facebookexperimental/rust-shed.git?branch=main#84a82026)
   Compiling nix v0.31.3
   Compiling crossbeam-utils v0.8.22
    Checking fbinit v0.2.0 (https://github.com/facebookexperimental/rust-shed.git?branch=main#84a82026)
    Checking vmm-sys-util v0.15.0
   Compiling kvm-ioctls v0.25.0
    Checking kvm-bindings v0.14.1
    Checking hermit-resources v0.2.0 (/home/newton/work/dev-hermit/worktrees/slots/dev-hermit-gdb-vfile-pin-20260916/hermit-resources)
    Checking bytemuck v1.25.2
    Checking option-ext v0.2.0
    Checking dirs-sys v0.5.0
    Checking crossbeam-channel v0.5.16
    Checking atomic v0.6.1
    Checking sha1_smol v1.0.1
    Checking symlink v0.1.0
   Compiling hermit v0.2.0 (/home/newton/work/dev-hermit/worktrees/slots/dev-hermit-gdb-vfile-pin-20260916/hermit-cli)
    Checking tracing-appender v0.2.5
    Checking uuid v1.24.0
    Checking reverie-kvm v0.2.0 (https://github.com/rrnewton/reverie.git?rev=d87a03a312421d34dee81dae71aa395b40231e63#d87a03a3)
    Checking dirs v6.0.0
    Checking num_cpus v1.17.0
    Checking ryu v1.0.23
   Compiling signal-hook v0.4.4
    Checking unsafe-libyaml-norway v0.2.15
    Checking serde_norway v0.9.42
    Checking unsafe-libyaml v0.2.11
    Checking dagrun v0.15.0 (/home/newton/work/dev-hermit/worktrees/slots/dev-hermit-gdb-vfile-pin-20260916/agent-utils/rs/dagrun)
    Checking serde_yaml v0.9.34+deprecated
    Checking reverie-ptrace v0.2.0 (https://github.com/rrnewton/reverie.git?rev=d87a03a312421d34dee81dae71aa395b40231e63#d87a03a3)
    Checking liteinst2 v0.1.0 (https://github.com/rrnewton/liteinst2?rev=95ee5e6917fa33191eb41c3f1606ea8b03c1b78c#95ee5e69)
    Checking toml_datetime v0.6.11
    Checking serde_spanned v0.6.9
    Checking toml_write v0.1.2
    Checking winnow v0.7.15
    Checking hermit-manifest-plan v0.2.0 (/home/newton/work/dev-hermit/worktrees/slots/dev-hermit-gdb-vfile-pin-20260916/ci/manifest-plan)
   Compiling syn v1.0.109
    Checking toml_edit v0.22.27
    Checking reverie-liteinst v0.2.0 (https://github.com/rrnewton/reverie.git?rev=d87a03a312421d34dee81dae71aa395b40231e63#d87a03a3)
    Checking toml v0.8.23
   Compiling find-msvc-tools v0.1.9
   Compiling shlex v2.0.1
   Compiling cc v1.3.0
   Compiling reverie-dbt v0.2.0 (https://github.com/rrnewton/reverie.git?rev=d87a03a312421d34dee81dae71aa395b40231e63#d87a03a3)
    Checking test-allocator v0.2.0 (/home/newton/work/dev-hermit/worktrees/slots/dev-hermit-gdb-vfile-pin-20260916/common/test-allocator)
   Compiling ident_case v1.0.1
   Compiling strsim v0.10.0
   Compiling fnv v1.0.7
   Compiling darling_core v0.14.4
   Compiling darling_macro v0.14.4
   Compiling test-case-core v3.3.1
   Compiling darling v0.14.4
   Compiling test-case-macros v3.3.1
   Compiling libmimalloc-sys v0.1.49
   Compiling heck v0.3.3
    Checking test-case v3.3.1
    Checking detcore-testutils v0.2.0 (/home/newton/work/dev-hermit/worktrees/slots/dev-hermit-gdb-vfile-pin-20260916/detcore/tests/testutils)
   Compiling heapless v0.8.0
   Compiling reverie-rpc-macros v0.2.0 (https://github.com/rrnewton/reverie.git?rev=d87a03a312421d34dee81dae71aa395b40231e63#d87a03a3)
   Compiling reverie-sabre v0.2.0 (https://github.com/rrnewton/reverie.git?rev=d87a03a312421d34dee81dae71aa395b40231e63#d87a03a3)
    Checking hash32 v0.3.1
    Checking bincode v1.3.3
    Checking bstr v1.13.0
    Checking stable_deref_trait v1.2.1
    Checking mimalloc v0.1.52
    Checking similar v2.7.0
    Checking reverie-rpc v0.2.0 (https://github.com/rrnewton/reverie.git?rev=d87a03a312421d34dee81dae71aa395b40231e63#d87a03a3)
   Compiling reverie-sabre-macros v0.2.0 (https://github.com/rrnewton/reverie.git?rev=d87a03a312421d34dee81dae71aa395b40231e63#d87a03a3)
    Checking reverie-sabre-stats v0.2.0 (https://github.com/rrnewton/reverie.git?rev=d87a03a312421d34dee81dae71aa395b40231e63#d87a03a3)
    Checking nostd-print v0.2.0 (https://github.com/rrnewton/reverie.git?rev=d87a03a312421d34dee81dae71aa395b40231e63#d87a03a3)
    Checking atomic v0.5.3
    Checking hermit-verify v0.2.0 (/home/newton/work/dev-hermit/worktrees/slots/dev-hermit-gdb-vfile-pin-20260916/hermit-verify)
    Checking detcore-sabre v0.2.0 (/home/newton/work/dev-hermit/worktrees/slots/dev-hermit-gdb-vfile-pin-20260916/detcore-sabre)
    Checking hermetic_infra_hermit_tests v0.2.0 (/home/newton/work/dev-hermit/worktrees/slots/dev-hermit-gdb-vfile-pin-20260916/tests)
    Checking hermetic_infra_hermit_flaky-tests v0.2.0 (/home/newton/work/dev-hermit/worktrees/slots/dev-hermit-gdb-vfile-pin-20260916/flaky-tests)
    Checking detcore-dbt v0.2.0 (/home/newton/work/dev-hermit/worktrees/slots/dev-hermit-gdb-vfile-pin-20260916/detcore-dbt)
   Compiling hermit-install v0.2.0 (/home/newton/work/dev-hermit/worktrees/slots/dev-hermit-gdb-vfile-pin-20260916/hermit-install)
    Finished `dev` profile [unoptimized + debuginfo] target(s) in 1m 24s
