=================================================================
==3==ERROR: AddressSanitizer: heap-use-after-free on address 0x606000000210 at pc 0x0000004e69f6 bp 0x7ffff3ffeaf0 sp 0x7ffff3ffeae0
READ of size 8 at 0x606000000210 thread T1
    #0 0x4e69f5 in task_period_wait common/task-utils.c:154
    #1 0x41215a in print_copied_inodes convert/main.c:169
    #2 0x7ffff708b568 in start_thread (/lib64/libc.so.6+0x8b568)
    #3 0x7ffff711075f in clone3 (/lib64/libc.so.6+0x11075f)

0x606000000210 is located 16 bytes inside of 56-byte region [0x606000000200,0x606000000238)
freed by thread T0 here:
    #0 0x7ffff74b46b7 in free (/lib64/libasan.so.6+0xb46b7)
    #1 0x4e66bb in task_deinit common/task-utils.c:100
    #2 0x418afa in do_convert convert/main.c:1354
    #3 0x418afa in main convert/main.c:2109
    #4 0x7ffff702a60f in __libc_start_call_main (/lib64/libc.so.6+0x2a60f)

previously allocated by thread T0 here:
    #0 0x7ffff74b4bd7 in calloc (/lib64/libasan.so.6+0xb4bd7)
    #1 0x4e632f in task_init common/task-utils.c:29
    #2 0x418a1a in do_convert convert/main.c:1343
    #3 0x418a1a in main convert/main.c:2109
    #4 0x7ffff702a60f in __libc_start_call_main (/lib64/libc.so.6+0x2a60f)

Thread T1 created by T0 here:
    #0 0x7ffff74587d5 in pthread_create (/lib64/libasan.so.6+0x587d5)
    #1 0x4e645b in task_start common/task-utils.c:56
    #2 0x418a4e in do_convert convert/main.c:1345
    #3 0x418a4e in main convert/main.c:2109
    #4 0x7ffff702a60f in __libc_start_call_main (/lib64/libc.so.6+0x2a60f)

SUMMARY: AddressSanitizer: heap-use-after-free common/task-utils.c:154 in task_period_wait
Shadow bytes around the buggy address:
  0x0c0c7fff7ff0: 00 00 00 00 00 00 00 00 00 00 00 00 00 00 00 00
  0x0c0c7fff8000: fa fa fa fa fd fd fd fd fd fd fd fa fa fa fa fa
  0x0c0c7fff8010: 00 00 00 00 00 00 06 fa fa fa fa fa 00 00 00 00
  0x0c0c7fff8020: 00 00 00 00 fa fa fa fa 00 00 00 00 00 00 00 00
  0x0c0c7fff8030: fa fa fa fa 00 00 00 00 00 00 00 00 fa fa fa fa
=>0x0c0c7fff8040: fd fd[fd]fd fd fd fd fa fa fa fa fa 00 00 00 00
  0x0c0c7fff8050: 00 00 00 00 fa fa fa fa fd fd fd fd fd fd fd fa
  0x0c0c7fff8060: fa fa fa fa fd fd fd fd fd fd fd fa fa fa fa fa
  0x0c0c7fff8070: fd fd fd fd fd fd fd fa fa fa fa fa fd fd fd fd
  0x0c0c7fff8080: fd fd fd fa fa fa fa fa fd fd fd fd fd fd fd fa
  0x0c0c7fff8090: fa fa fa fa fd fd fd fd fd fd fd fa fa fa fa fa
Shadow byte legend (one shadow byte represents 8 application bytes):
  Addressable:           00
  Partially addressable: 01 02 03 04 05 06 07 
  Heap left redzone:       fa
  Freed heap region:       fd
  Stack left redzone:      f1
  Stack mid redzone:       f2
  Stack right redzone:     f3
  Stack after return:      f5
  Stack use after scope:   f8
  Global redzone:          f9
  Global init order:       f6
  Poisoned by user:        f7
  Container overflow:      fc
  Array cookie:            ac
  Intra object redzone:    bb
  ASan internal:           fe
  Left alloca redzone:     ca
  Right alloca redzone:    cb
  Shadow gap:              cc
==3==ABORTING
2026-09-03T10:22:31.761183Z ERROR reverie_ptrace::lifecycle: guest terminated by signal tid=3 pid=3 signal=SIGABRT core_dumped=true
2026-09-03T10:22:31.761236Z ERROR reverie_ptrace::lifecycle: guest terminated by signal tid=5 pid=3 signal=SIGABRT core_dumped=true
