2026-08-07T01:27:21.177844Z  INFO detcore::scheduler::runqueue: DETLOG SCHEDRAND: seeding scheduler runqueue with seed 0
2026-08-07T01:27:21.178850Z  INFO detcore::scheduler: [scheduler] daemon task starting up, waiting for guest thread start..
2026-08-07T01:27:21.178905Z  INFO detcore::tool_local: DETLOG USER RAND: seeding PRNG for root thread with seed 0
2026-08-07T01:27:21.178907Z  INFO detcore::tool_local: DETLOG CHAOSRAND: seeding chaos scheduler with seed 0
2026-08-07T01:27:21.179000Z ERROR reverie_ptrace::perf: PMU validation failed; RCB timers may be unreliable error=AmdSpecLockMapShouldBeDisabled
2026-08-07T01:27:21.179530Z ERROR reverie_ptrace::task: ARCH_GET_CPUID reported a valid state, but ARCH_SET_CPUID returned ENODEV. The kernel exposes CPUID state without hardware faulting support. On AMD hosts, use Linux 6.17+ upstream or a kernel with CPUID faulting backported; continuing without CPUID interception initial_state=1
2026-08-07T01:27:21.179584Z  INFO detcore::scheduler: [scheduler] guest in queue, scheduler proceeding..
2026-08-07T01:27:21.179592Z  INFO detcore::scheduler: [sched-step5] >>>>>>>

 COMMIT turn 0, dettid 3 using resources {ParentContinue { parent: DetPid(3), child: DetPid(3) }: W}, on previously committed 1_767_225_600.000_000_000s
2026-08-07T01:27:21.179629Z  INFO detcore::scheduler: [sched-step5] >>>>>>>

 COMMIT turn 1, dettid 3 using resources {MemAddrSpace(DetPid(3)): RW}, on previously committed 1_767_225_600.000_500_000s
2026-08-07T01:27:21.179633Z  INFO detcore::tool_global: [detcore, dtid 3] New thread given go-ahead to proceed via <ivar Go(None)>
2026-08-07T01:27:21.180607Z ERROR reverie_ptrace::task: ARCH_GET_CPUID reported a valid state, but ARCH_SET_CPUID returned ENODEV. The kernel exposes CPUID state without hardware faulting support. On AMD hosts, use Linux 6.17+ upstream or a kernel with CPUID faulting backported; continuing without CPUID interception initial_state=1
2026-08-07T01:27:21.180639Z  INFO detcore: DETLOG [post_exec, dtid 3] init auxv AT_RANDOM value to [162, 205, 24, 211, 0, 83, 122, 92, 176, 131, 220, 72, 219, 250, 14, 242]
2026-08-07T01:27:21.180737Z  INFO detcore: DETLOG [syscall][detcore, dtid 3] inbound syscall: arch_prctl(12289, 0x7fffffffb020) = ?
2026-08-07T01:27:21.180752Z  INFO detcore: DETLOG [syscall][detcore, dtid 3] finish syscall #2: arch_prctl(12289, 0x7fffffffb020) = Err(Errno(EINVAL))
2026-08-07T01:27:21.180826Z  INFO detcore: DETLOG [syscall][detcore, dtid 3] inbound syscall: brk(NULL) = ?
2026-08-07T01:27:21.180849Z  INFO detcore: DETLOG [syscall][detcore, dtid 3] finish syscall #3: brk(NULL) = Ok(4968448)
2026-08-07T01:27:21.180871Z  INFO detcore: DETLOG [syscall][detcore, dtid 3] inbound syscall: brk(0x4bdd80) = ?
2026-08-07T01:27:21.180889Z  INFO detcore: DETLOG [syscall][detcore, dtid 3] finish syscall #4: brk(0x4bdd80) = Ok(4971904)
2026-08-07T01:27:21.180914Z  INFO detcore: DETLOG [syscall][detcore, dtid 3] inbound syscall: arch_prctl(ARCH_SET_FS, 4969344) = ?
2026-08-07T01:27:21.180931Z  INFO detcore: DETLOG [syscall][detcore, dtid 3] finish syscall #5: arch_prctl(ARCH_SET_FS, 4969344) = Ok(0)
2026-08-07T01:27:21.180951Z  INFO detcore: DETLOG [syscall][detcore, dtid 3] inbound syscall: set_tid_address(0x4bd650) = ?
2026-08-07T01:27:21.180973Z  INFO detcore: DETLOG [syscall][detcore, dtid 3] finish syscall #6: set_tid_address(0x4bd650) = Ok(3)
2026-08-07T01:27:21.180995Z  INFO detcore: DETLOG [syscall][detcore, dtid 3] inbound syscall: set_robust_list(0x4bd660, 24) = ?
2026-08-07T01:27:21.181011Z  INFO detcore: DETLOG [syscall][detcore, dtid 3] finish syscall #7: set_robust_list(0x4bd660, 24) = Ok(0)
2026-08-07T01:27:21.181033Z  INFO detcore: DETLOG [syscall][detcore, dtid 3] inbound syscall: rseq(4971808, 32, 0, 1392848979, 0, 18446744073709551615) = ?
2026-08-07T01:27:21.181054Z  INFO detcore: DETLOG [syscall][detcore, dtid 3] finish syscall #8: rseq(4971808, 32, 0, 1392848979, 0, 18446744073709551615) = Ok(0)
2026-08-07T01:27:21.181075Z  INFO detcore: DETLOG [syscall][detcore, dtid 3] inbound syscall: uname(0x7fffffffaed0) = ?
2026-08-07T01:27:21.181112Z  INFO detcore: DETLOG [syscall][detcore, dtid 3] finish syscall #9: uname(0x7fffffffaed0) = Ok(0)
2026-08-07T01:27:21.181135Z  INFO detcore: DETLOG [syscall][detcore, dtid 3] inbound syscall: prlimit64(0, 3, NULL, 0x7fffffffb050) = ?
2026-08-07T01:27:21.181145Z  INFO detcore::syscalls::sysinfo: DETLOG prlimit64: pid=0, resource=3, mutation=false, old=8388608:18446744073709551615
2026-08-07T01:27:21.181148Z  INFO detcore: DETLOG [syscall][detcore, dtid 3] finish syscall #10: prlimit64(0, 3, NULL, 0x7fffffffb050) = Ok(0)
2026-08-07T01:27:21.181188Z  INFO detcore: DETLOG [syscall][detcore, dtid 3] inbound syscall: readlink(0x48da78 -> "/proc/self/exe", 0x7fffffff9f90, 4096) = ?
2026-08-07T01:27:21.181224Z  INFO detcore: DETLOG [syscall][detcore, dtid 3] finish syscall #11: readlink(0x48da78 -> "/proc/self/exe", 0x7fffffff9f90, 4096) = Ok(89)
2026-08-07T01:27:21.181249Z  INFO detcore: DETLOG [syscall][detcore, dtid 3] inbound syscall: getrandom(0x4bbf10, 8, 1) = ?
2026-08-07T01:27:21.181258Z  INFO detcore: DETLOG [syscall][detcore, dtid 3] finish syscall #12: getrandom(0x4bbf10, 8, 1) = Ok(8)
2026-08-07T01:27:21.181302Z  INFO detcore: DETLOG [syscall][detcore, dtid 3] inbound syscall: brk(NULL) = ?
2026-08-07T01:27:21.181320Z  INFO detcore: DETLOG [syscall][detcore, dtid 3] finish syscall #13: brk(NULL) = Ok(4971904)
2026-08-07T01:27:21.181343Z  INFO detcore: DETLOG [syscall][detcore, dtid 3] inbound syscall: brk(0x4ded80) = ?
2026-08-07T01:27:21.181359Z  INFO detcore: DETLOG [syscall][detcore, dtid 3] finish syscall #14: brk(0x4ded80) = Ok(5107072)
2026-08-07T01:27:21.181380Z  INFO detcore: DETLOG [syscall][detcore, dtid 3] inbound syscall: brk(0x4df000) = ?
2026-08-07T01:27:21.181397Z  INFO detcore: DETLOG [syscall][detcore, dtid 3] finish syscall #15: brk(0x4df000) = Ok(5107712)
2026-08-07T01:27:21.181438Z  INFO detcore: DETLOG [syscall][detcore, dtid 3] inbound syscall: mprotect(0x4b1000, 16384, ProtFlags(PROT_READ)) = ?
2026-08-07T01:27:21.181462Z  INFO detcore: DETLOG [syscall][detcore, dtid 3] finish syscall #16: mprotect(0x4b1000, 16384, ProtFlags(PROT_READ)) = Ok(0)
2026-08-07T01:27:21.181503Z  INFO detcore: DETLOG [syscall][detcore, dtid 3] inbound syscall: write(1, 0x489010, 3) = ?
2026-08-07T01:27:21.181521Z  INFO detcore::scheduler: [sched-step5] >>>>>>>

 COMMIT turn 2, dettid 3 using resources {Device(ContainerStdout): W}, on previously committed 1_767_225_600.001_905_930s
2026-08-07T01:27:21.181556Z  INFO detcore: DETLOG [syscall][detcore, dtid 3] finish syscall #17: write(1, 0x489010, 3) = Ok(3)
2026-08-07T01:27:21.181584Z  INFO detcore: DETLOG [syscall][detcore, dtid 3] inbound syscall: exit_group(0) = ?
2026-08-07T01:27:21.181589Z  INFO detcore::scheduler: [sched-step5] >>>>>>>

 COMMIT turn 3, dettid 3 using resources {Exit { group: true, process: DetPid(3), mm: MmId { creator: DetPid(3), generation: 1 } }: RW}, on previously committed 1_767_225_600.002_657_480s
2026-08-07T01:27:21.181596Z  INFO detcore::tool_global: Scheduler authorized an exit-group scenario, from dettid 3 / detpid 3
2026-08-07T01:27:21.181599Z  INFO reverie_ptrace::task: [tool] (tid 3) beginning tail_inject of syscall: exit_group
2026-08-07T01:27:21.181750Z  INFO detcore::scheduler: logically_kill: Scheduler removing all knowledge of [det]tid 3 in pid 3..
2026-08-07T01:27:21.181783Z  INFO detcore::scheduler: scheduler (step2_process_blocked): zero threads left anywhere, fizzling.
2026-08-07T01:27:21.181787Z  INFO detcore::scheduler: [scheduler] run queue empty, exiting sched_loop.
2026-08-07T01:27:21.181796Z  INFO detcore::tool_global: detcore shut down, destroying global state
2026-08-07T01:27:21.181801Z  INFO detcore::tool_global: 
  ------------------------------ hermit run report ------------------------------
Final thread-tree was: [3]
There were 1 group leaders of 1 thread(s) total.
Internally, the hermit scheduler ran 4 turns, recorded 0 events, replayed 0 events (0 desynced)
Final virtual global (cpu) time: 1_767_225_600.003_157_480s
Elapsed virtual global (cpu) time: 3_157_480ns
Timeslice stats: min=1157480ns max=1157480ns mean=1157480ns count=1

2026-08-07T01:27:21.181810Z  INFO hermit::backend_stats: backend run complete backend=ptrace stats=metrics=none
