dns github.com: refused (gaierror)
dns crates.io: refused (gaierror)
dns static.crates.io: refused (gaierror)
assert-no-network: route-table: no route (0 non-loopback routes, 0 non-loopback interfaces)
assert-no-network: dns github.com: refused
assert-no-network: dns crates.io: refused
assert-no-network: dns static.crates.io: refused
assert-no-network: tcp 1.1.1.1:443: refused
assert-no-network: tcp 8.8.8.8:53: refused
assert-no-network: OK -- no route, no DNS, no raw TCP. This environment is isolated.
assert-build-dependencies: OK -- 18/18 executable build dependencies are present.
assert-build-dependencies: OK -- 4/4 native libraries and development headers are present.
warning: patch `reverie-util v0.2.0 (/src/integration-evidence/comparison-arms/pr529-only/reverie-source/reverie-util)` was not used in the crate graph
help: Check that the patched package version and available features are compatible
      with the dependency requirements. If the patch has a different version from
      what is locked in the Cargo.lock file, run `cargo update` to use the new
      version. This may also occur with an optional dependency that is not enabled.
   Compiling reverie-memory v0.2.0 (/src/integration-evidence/comparison-arms/pr529-only/reverie-source/reverie-memory)
   Compiling reverie-syscalls v0.2.0 (/src/integration-evidence/comparison-arms/pr529-only/reverie-source/reverie-syscalls)
   Compiling detcore-model v0.2.0 (/src/detcore-model)
   Compiling dagrun v0.15.0 (/src/agent-utils/rs/dagrun)
   Compiling hermit-manifest-plan v0.2.0 (/src/ci/manifest-plan)
    Finished `dev` profile [unoptimized + debuginfo] target(s) in 18.66s
